================================================================================
[2026-07-27T12:29:44.119421+00:00] [AGENT: worker_t1] [CWD: /tmp/youtube-t1-fix-YAQnBi] [EXIT: 0] [DURATION: 3.18ms]
COMMAND: python3 --version
--- STDOUT ---
Python 3.12.3

--- STDERR ---

================================================================================
================================================================================
[2026-07-27T12:29:44.128472+00:00] [AGENT: worker_t1] [CWD: /tmp/youtube-t1-fix-YAQnBi] [EXIT: 0] [DURATION: 66.52ms]
COMMAND: ffmpeg -version
--- STDOUT ---
ffmpeg version 6.1.1-3ubuntu5 Copyright (c) 2000-2023 the FFmpeg developers
built with gcc 13 (Ubuntu 13.2.0-23ubuntu3)
configuration: --prefix=/usr --extra-version=3ubuntu5 --toolchain=hardened --libdir=/usr/lib/x86_64-linux-gnu --incdir=/usr/include/x86_64-linux-gnu --arch=amd64 --enable-gpl --disable-stripping --disable-omx --enable-gnutls --enable-libaom --enable-libass --enable-libbs2b --enable-libcaca --enable-libcdio --enable-libcodec2 --enable-libdav1d --enable-libflite --enable-libfontconfig --enable-libfreetype --enable-libfribidi --enable-libglslang --enable-libgme --enable-libgsm --enable-libharfbuzz --enable-libmp3lame --enable-libmysofa --enable-libopenjpeg --enable-libopenmpt --enable-libopus --enable-librubberband --enable-libshine --enable-libsnappy --enable-libsoxr --enable-libspeex --enable-libtheora --enable-libtwolame --enable-libvidstab --enable-libvorbis --enable-libvpx --enable-libwebp --enable-libx265 --enable-libxml2 --enable-libxvid --enable-libzimg --enable-openal --enable-opencl --enable-opengl --disable-sndio --enable-libvpl --disable-libmfx --enable-libdc1394 --enable-libdrm --enable-libiec61883 --enable-chromaprint --enable-frei0r --enable-ladspa --enable-libbluray --enable-libjack --enable-libpulse --enable-librabbitmq --enable-librist --enable-libsrt --enable-libssh --enable-libsvtav1 --enable-libx264 --enable-libzmq --enable-libzvbi --enable-lv2 --enable-sdl2 --enable-libplacebo --enable-librav1e --enable-pocketsphinx --enable-librsvg --enable-libjxl --enable-shared
libavutil      58. 29.100 / 58. 29.100
libavcodec     60. 31.102 / 60. 31.102
libavformat    60. 16.100 / 60. 16.100
libavdevice    60.  3.100 / 60.  3.100
libavfilter     9. 12.100 /  9. 12.100
libswscale      7.  5.100 /  7.  5.100
libswresample   4. 12.100 /  4. 12.100
libpostproc    57.  3.100 / 57.  3.100

--- STDERR ---

================================================================================
================================================================================
[2026-07-27T12:29:44.200360+00:00] [AGENT: worker_t1] [CWD: /tmp/youtube-t1-fix-YAQnBi] [EXIT: 0] [DURATION: 62.79ms]
COMMAND: ffprobe -version
--- STDOUT ---
ffprobe version 6.1.1-3ubuntu5 Copyright (c) 2007-2023 the FFmpeg developers
built with gcc 13 (Ubuntu 13.2.0-23ubuntu3)
configuration: --prefix=/usr --extra-version=3ubuntu5 --toolchain=hardened --libdir=/usr/lib/x86_64-linux-gnu --incdir=/usr/include/x86_64-linux-gnu --arch=amd64 --enable-gpl --disable-stripping --disable-omx --enable-gnutls --enable-libaom --enable-libass --enable-libbs2b --enable-libcaca --enable-libcdio --enable-libcodec2 --enable-libdav1d --enable-libflite --enable-libfontconfig --enable-libfreetype --enable-libfribidi --enable-libglslang --enable-libgme --enable-libgsm --enable-libharfbuzz --enable-libmp3lame --enable-libmysofa --enable-libopenjpeg --enable-libopenmpt --enable-libopus --enable-librubberband --enable-libshine --enable-libsnappy --enable-libsoxr --enable-libspeex --enable-libtheora --enable-libtwolame --enable-libvidstab --enable-libvorbis --enable-libvpx --enable-libwebp --enable-libx265 --enable-libxml2 --enable-libxvid --enable-libzimg --enable-openal --enable-opencl --enable-opengl --disable-sndio --enable-libvpl --disable-libmfx --enable-libdc1394 --enable-libdrm --enable-libiec61883 --enable-chromaprint --enable-frei0r --enable-ladspa --enable-libbluray --enable-libjack --enable-libpulse --enable-librabbitmq --enable-librist --enable-libsrt --enable-libssh --enable-libsvtav1 --enable-libx264 --enable-libzmq --enable-libzvbi --enable-lv2 --enable-sdl2 --enable-libplacebo --enable-librav1e --enable-pocketsphinx --enable-librsvg --enable-libjxl --enable-shared
libavutil      58. 29.100 / 58. 29.100
libavcodec     60. 31.102 / 60. 31.102
libavformat    60. 16.100 / 60. 16.100
libavdevice    60.  3.100 / 60.  3.100
libavfilter     9. 12.100 /  9. 12.100
libswscale      7.  5.100 /  7.  5.100
libswresample   4. 12.100 /  4. 12.100
libpostproc    57.  3.100 / 57.  3.100

--- STDERR ---

================================================================================
================================================================================
[2026-07-27T12:29:44.268140+00:00] [AGENT: worker_t1] [CWD: /tmp/youtube-t1-fix-YAQnBi] [EXIT: 1] [DURATION: 155.52ms]
COMMAND: python3 -c "import soundfile"
--- STDOUT ---

--- STDERR ---
Traceback (most recent call last):
  File "<string>", line 1, in <module>
ModuleNotFoundError: No module named 'soundfile'

================================================================================
================================================================================
[2026-07-27T12:29:44.428600+00:00] [AGENT: worker_t1] [CWD: /tmp/youtube-t1-fix-YAQnBi] [EXIT: 1] [DURATION: 11.12ms]
COMMAND: fc-list | grep -ci "inter|roboto|noto"
--- STDOUT ---
0

--- STDERR ---

================================================================================
================================================================================
[2026-07-27T12:29:44.444368+00:00] [AGENT: worker_t1] [CWD: /tmp/youtube-t1-fix-YAQnBi] [EXIT: 0] [DURATION: 1773.58ms]
COMMAND: nvidia-smi --query-gpu=name,memory.total --format=csv
--- STDOUT ---
name, memory.total [MiB]
Tesla T4, 15360 MiB

--- STDERR ---

================================================================================
================================================================================
[2026-07-27T12:29:46.223297+00:00] [AGENT: worker_t1] [CWD: /tmp/youtube-t1-fix-YAQnBi] [EXIT: 0] [DURATION: 3.48ms]
COMMAND: df -B1G --output=avail . | tail -1
--- STDOUT ---
   19

--- STDERR ---

================================================================================
================================================================================
[2026-07-27T12:29:46.231904+00:00] [AGENT: worker_t1] [CWD: /tmp/youtube-t1-fix-YAQnBi] [EXIT: 0] [DURATION: 3.19ms]
COMMAND: git --version
--- STDOUT ---
git version 2.43.0

--- STDERR ---

================================================================================
================================================================================
[2026-07-27T12:29:46.239588+00:00] [AGENT: worker_t1] [CWD: /tmp/youtube-t1-fix-YAQnBi] [EXIT: 0] [DURATION: 9879.14ms]
COMMAND: sudo -n apt-get update
--- STDOUT ---
Hit:1 http://us-central1.gce.archive.ubuntu.com/ubuntu noble InRelease
Get:2 http://us-central1.gce.archive.ubuntu.com/ubuntu noble-updates InRelease [126 kB]
Get:3 http://us-central1.gce.archive.ubuntu.com/ubuntu noble-backports InRelease [126 kB]
Hit:4 https://nvidia.github.io/libnvidia-container/stable/deb/amd64  InRelease
Get:5 https://download.docker.com/linux/ubuntu noble InRelease [48.5 kB]
Hit:6 https://deb.nodesource.com/node_22.x nodistro InRelease
Get:7 http://security.ubuntu.com/ubuntu noble-security InRelease [126 kB]
Get:8 http://us-central1.gce.archive.ubuntu.com/ubuntu noble-updates/main amd64 Packages [1151 kB]
Get:9 http://us-central1.gce.archive.ubuntu.com/ubuntu noble-updates/main Translation-en [277 kB]
Get:10 http://us-central1.gce.archive.ubuntu.com/ubuntu noble-updates/main amd64 Components [180 kB]
Get:11 http://us-central1.gce.archive.ubuntu.com/ubuntu noble-updates/universe amd64 Packages [1678 kB]
Get:12 http://us-central1.gce.archive.ubuntu.com/ubuntu noble-updates/universe Translation-en [333 kB]
Get:13 http://us-central1.gce.archive.ubuntu.com/ubuntu noble-updates/universe amd64 Components [388 kB]
Get:14 http://us-central1.gce.archive.ubuntu.com/ubuntu noble-updates/restricted amd64 Packages [1367 kB]
Get:15 http://us-central1.gce.archive.ubuntu.com/ubuntu noble-updates/restricted Translation-en [308 kB]
Get:16 http://us-central1.gce.archive.ubuntu.com/ubuntu noble-updates/multiverse Translation-en [12.3 kB]
Get:17 http://us-central1.gce.archive.ubuntu.com/ubuntu noble-updates/multiverse amd64 Components [940 B]
Get:18 http://us-central1.gce.archive.ubuntu.com/ubuntu noble-backports/main amd64 Components [5760 B]
Get:19 http://us-central1.gce.archive.ubuntu.com/ubuntu noble-backports/universe amd64 Components [12.6 kB]
Get:20 http://security.ubuntu.com/ubuntu noble-security/main amd64 Packages [885 kB]
Get:21 http://security.ubuntu.com/ubuntu noble-security/main Translation-en [196 kB]
Get:22 http://security.ubuntu.com/ubuntu noble-security/main amd64 Components [46.3 kB]
Get:23 http://security.ubuntu.com/ubuntu noble-security/universe amd64 Components [76.3 kB]
Get:24 http://security.ubuntu.com/ubuntu noble-security/restricted amd64 Packages [1248 kB]
Get:25 http://security.ubuntu.com/ubuntu noble-security/restricted Translation-en [284 kB]
Fetched 8876 kB in 2s (4084 kB/s)
Reading package lists...

--- STDERR ---

================================================================================
================================================================================
[2026-07-27T12:29:56.125144+00:00] [AGENT: worker_t1] [CWD: /tmp/youtube-t1-fix-YAQnBi] [EXIT: 0] [DURATION: 83312.47ms]
COMMAND: sudo -n apt-get install --yes fonts-noto-core python3-soundfile
--- STDOUT ---
Reading package lists...
Building dependency tree...
Reading state information...
The following additional packages will be installed:
  fonts-noto-mono
The following NEW packages will be installed:
  fonts-noto-core fonts-noto-mono python3-soundfile
0 upgraded, 3 newly installed, 0 to remove and 0 not upgraded.
Need to get 13.8 MB of archives.
After this operation, 44.9 MB of additional disk space will be used.
Get:1 http://us-central1.gce.archive.ubuntu.com/ubuntu noble/main amd64 fonts-noto-mono all 20201225-2 [435 kB]
Get:2 http://us-central1.gce.archive.ubuntu.com/ubuntu noble/main amd64 fonts-noto-core all 20201225-2 [13.3 MB]
Get:3 http://us-central1.gce.archive.ubuntu.com/ubuntu noble/universe amd64 python3-soundfile all 0.12.1-1 [29.0 kB]
Fetched 13.8 MB in 1min 18s (176 kB/s)
Selecting previously unselected package fonts-noto-mono.
(Reading database ... 
(Reading database ... 5%
(Reading database ... 10%
(Reading database ... 15%
(Reading database ... 20%
(Reading database ... 25%
(Reading database ... 30%
(Reading database ... 35%
(Reading database ... 40%
(Reading database ... 45%
(Reading database ... 50%
(Reading database ... 55%
(Reading database ... 60%
(Reading database ... 65%
(Reading database ... 70%
(Reading database ... 75%
(Reading database ... 80%
(Reading database ... 85%
(Reading database ... 90%
(Reading database ... 95%
(Reading database ... 100%
(Reading database ... 141187 files and directories currently installed.)
Preparing to unpack .../fonts-noto-mono_20201225-2_all.deb ...
Unpacking fonts-noto-mono (20201225-2) ...
Selecting previously unselected package fonts-noto-core.
Preparing to unpack .../fonts-noto-core_20201225-2_all.deb ...
Unpacking fonts-noto-core (20201225-2) ...
Selecting previously unselected package python3-soundfile.
Preparing to unpack .../python3-soundfile_0.12.1-1_all.deb ...
Unpacking python3-soundfile (0.12.1-1) ...
Setting up fonts-noto-mono (20201225-2) ...
Setting up python3-soundfile (0.12.1-1) ...
Setting up fonts-noto-core (20201225-2) ...
Processing triggers for fontconfig (2.15.0-1.1ubuntu2) ...

--- STDERR ---
debconf: unable to initialize frontend: Dialog
debconf: (Dialog frontend will not work on a dumb terminal, an emacs shell buffer, or without a controlling terminal.)
debconf: falling back to frontend: Readline
debconf: unable to initialize frontend: Readline
debconf: (This frontend requires a controlling tty.)
debconf: falling back to frontend: Teletype
dpkg-preconfigure: unable to re-open stdin: 
debconf: unable to initialize frontend: Dialog
debconf: (Dialog frontend will not work on a dumb terminal, an emacs shell buffer, or without a controlling terminal.)
debconf: falling back to frontend: Readline
debconf: unable to initialize frontend: Readline
debconf: (This frontend requires a controlling tty.)
debconf: falling back to frontend: Teletype

Running kernel seems to be up-to-date.

No services need to be restarted.

No containers need to be restarted.

No user sessions are running outdated binaries.

No VM guests are running outdated hypervisor (qemu) binaries on this host.

================================================================================
================================================================================
[2026-07-27T12:31:19.444096+00:00] [AGENT: worker_t1] [CWD: /tmp/youtube-t1-fix-YAQnBi] [EXIT: 0] [DURATION: 87.99ms]
COMMAND: python3 -c "import soundfile"
--- STDOUT ---

--- STDERR ---

================================================================================
================================================================================
[2026-07-27T12:31:19.537574+00:00] [AGENT: worker_t1] [CWD: /tmp/youtube-t1-fix-YAQnBi] [EXIT: 1] [DURATION: 12.61ms]
COMMAND: fc-list | grep -ci "inter|roboto|noto"
--- STDOUT ---
0

--- STDERR ---

================================================================================
================================================================================
[2026-07-27T12:31:19.555090+00:00] [AGENT: worker_t1] [CWD: /tmp/youtube-t1-fix-YAQnBi] [EXIT: 0] [DURATION: 3.14ms]
COMMAND: df -B1G --output=avail . | tail -1
--- STDOUT ---
   19

--- STDERR ---

================================================================================
