================================================================================
[2026-07-26T22:54:19.898514+00:00] [AGENT: worker] [CWD: /home/pedrofelipealvesrocha/teamwork_projects/youtube_clipper] [EXIT: 0] [DURATION: 10778.48ms]
COMMAND: ffmpeg -y -f lavfi -i testsrc=size=1080x1920:rate=15 -f lavfi -i sine=frequency=440:sample_rate=48000 -af loudnorm=I=-14.5:TP=-1.5:LRA=11 -c:v libx264 -preset ultrafast -pix_fmt yuv420p -c:a aac -t 25 -shortest /home/pedrofelipealvesrocha/teamwork_projects/youtube_clipper/runs/run_t0_golden/artifacts/render/short.mp4
--- STDOUT ---

--- STDERR ---
ffmpeg version 6.1.1-3ubuntu5 Copyright (c) 2000-2023 the FFmpeg developers
  built with gcc 13 (Ubuntu 13.2.0-23ubuntu3)
  configuration: --prefix=/usr --extra-version=3ubuntu5 --toolchain=hardened --libdir=/usr/lib/x86_64-linux-gnu --incdir=/usr/include/x86_64-linux-gnu --arch=amd64 --enable-gpl --disable-stripping --disable-omx --enable-gnutls --enable-libaom --enable-libass --enable-libbs2b --enable-libcaca --enable-libcdio --enable-libcodec2 --enable-libdav1d --enable-libflite --enable-libfontconfig --enable-libfreetype --enable-libfribidi --enable-libglslang --enable-libgme --enable-libgsm --enable-libharfbuzz --enable-libmp3lame --enable-libmysofa --enable-libopenjpeg --enable-libopenmpt --enable-libopus --enable-librubberband --enable-libshine --enable-libsnappy --enable-libsoxr --enable-libspeex --enable-libtheora --enable-libtwolame --enable-libvidstab --enable-libvorbis --enable-libvpx --enable-libwebp --enable-libx265 --enable-libxml2 --enable-libxvid --enable-libzimg --enable-openal --enable-opencl --enable-opengl --disable-sndio --enable-libvpl --disable-libmfx --enable-libdc1394 --enable-libdrm --enable-libiec61883 --enable-chromaprint --enable-frei0r --enable-ladspa --enable-libbluray --enable-libjack --enable-libpulse --enable-librabbitmq --enable-librist --enable-libsrt --enable-libssh --enable-libsvtav1 --enable-libx264 --enable-libzmq --enable-libzvbi --enable-lv2 --enable-sdl2 --enable-libplacebo --enable-librav1e --enable-pocketsphinx --enable-librsvg --enable-libjxl --enable-shared
  libavutil      58. 29.100 / 58. 29.100
  libavcodec     60. 31.102 / 60. 31.102
  libavformat    60. 16.100 / 60. 16.100
  libavdevice    60.  3.100 / 60.  3.100
  libavfilter     9. 12.100 /  9. 12.100
  libswscale      7.  5.100 /  7.  5.100
  libswresample   4. 12.100 /  4. 12.100
  libpostproc    57.  3.100 / 57.  3.100
Input #0, lavfi, from 'testsrc=size=1080x1920:rate=15':
  Duration: N/A, start: 0.000000, bitrate: N/A
  Stream #0:0: Video: wrapped_avframe, rgb24, 1080x1920 [SAR 1:1 DAR 9:16], 15 fps, 15 tbr, 15 tbn
Input #1, lavfi, from 'sine=frequency=440:sample_rate=48000':
  Duration: N/A, start: 0.000000, bitrate: 768 kb/s
  Stream #1:0: Audio: pcm_s16le, 48000 Hz, mono, s16, 768 kb/s
Stream mapping:
  Stream #0:0 -> #0:0 (wrapped_avframe (native) -> h264 (libx264))
  Stream #1:0 -> #0:1 (pcm_s16le (native) -> aac (native))
Press [q] to stop, [?] for help
[libx264 @ 0x643d36ee1d00] using SAR=1/1
[libx264 @ 0x643d36ee1d00] using cpu capabilities: MMX2 SSE2Fast SSSE3 SSE4.2 AVX FMA3 BMI2 AVX2
[libx264 @ 0x643d36ee1d00] profile Constrained Baseline, level 4.0, 4:2:0, 8-bit
[libx264 @ 0x643d36ee1d00] 264 - core 164 r3108 31e19f9 - H.264/MPEG-4 AVC codec - Copyleft 2003-2023 - http://www.videolan.org/x264.html - options: cabac=0 ref=1 deblock=0:0:0 analyse=0:0 me=dia subme=0 psy=1 psy_rd=1.00:0.00 mixed_ref=0 me_range=16 chroma_me=1 trellis=0 8x8dct=0 cqm=0 deadzone=21,11 fast_pskip=1 chroma_qp_offset=0 threads=12 lookahead_threads=2 sliced_threads=0 nr=0 decimate=1 interlaced=0 bluray_compat=0 constrained_intra=0 bframes=0 weightp=0 keyint=250 keyint_min=15 scenecut=0 intra_refresh=0 rc=crf mbtree=0 crf=23.0 qcomp=0.60 qpmin=0 qpmax=69 qpstep=4 ip_ratio=1.40 aq=0
Output #0, mp4, to '/home/pedrofelipealvesrocha/teamwork_projects/youtube_clipper/runs/run_t0_golden/artifacts/render/short.mp4':
  Metadata:
    encoder         : Lavf60.16.100
  Stream #0:0: Video: h264 (avc1 / 0x31637661), yuv420p(tv, progressive), 1080x1920 [SAR 1:1 DAR 9:16], q=2-31, 15 fps, 15360 tbn
    Metadata:
      encoder         : Lavc60.31.102 libx264
    Side data:
      cpb: bitrate max/min/avg: 0/0/0 buffer size: 0 vbv_delay: N/A
  Stream #0:1: Audio: aac (LC) (mp4a / 0x6134706D), 96000 Hz, mono, fltp, 69 kb/s
    Metadata:
      encoder         : Lavc60.31.102 aac
frame=    0 fps=0.0 q=0.0 size=       0kB time=00:00:00.03 bitrate=  12.0kbits/s speed=0.127x    
frame=    0 fps=0.0 q=0.0 size=       0kB time=00:00:00.62 bitrate=   0.6kbits/s speed=0.829x    
frame=   12 fps=9.5 q=12.0 size=       0kB time=00:00:01.56 bitrate=   0.2kbits/s speed=1.24x    
frame=   30 fps= 17 q=12.0 size=       0kB time=00:00:02.76 bitrate=   0.1kbits/s speed=1.55x    
frame=   49 fps= 21 q=12.0 size=       0kB time=00:00:04.03 bitrate=   0.1kbits/s speed=1.77x    
frame=   70 fps= 25 q=12.0 size=     256kB time=00:00:05.42 bitrate= 386.3kbits/s speed=1.95x    
frame=   93 fps= 28 q=12.0 size=     256kB time=00:00:06.96 bitrate= 301.1kbits/s speed=2.11x    
frame=  118 fps= 31 q=12.0 size=     512kB time=00:00:08.62 bitrate= 486.1kbits/s speed=2.27x    
frame=  142 fps= 33 q=12.0 size=     512kB time=00:00:10.22 bitrate= 410.1kbits/s speed=2.37x    
frame=  165 fps= 34 q=12.0 size=     768kB time=00:00:11.76 bitrate= 534.8kbits/s speed=2.44x    
frame=  187 fps= 35 q=12.0 size=     768kB time=00:00:13.22 bitrate= 475.7kbits/s speed=2.49x    
frame=  206 fps= 35 q=12.0 size=     768kB time=00:00:14.56 bitrate= 432.1kbits/s speed= 2.5x    
frame=  225 fps= 36 q=12.0 size=    1024kB time=00:00:15.82 bitrate= 530.0kbits/s speed= 2.5x    
frame=  244 fps= 36 q=13.0 size=    1024kB time=00:00:17.03 bitrate= 492.5kbits/s speed=2.49x    
frame=  259 fps= 35 q=12.0 size=    1024kB time=00:00:18.02 bitrate= 465.4kbits/s speed=2.45x    
frame=  274 fps= 35 q=12.0 size=    1280kB time=00:00:19.02 bitrate= 551.1kbits/s speed=2.42x    
frame=  293 fps= 35 q=12.0 size=    1280kB time=00:00:20.36 bitrate= 515.0kbits/s speed=2.44x    
frame=  312 fps= 35 q=12.0 size=    1280kB time=00:00:21.63 bitrate= 484.8kbits/s speed=2.44x    
frame=  330 fps= 35 q=12.0 size=    1280kB time=00:00:22.76 bitrate= 460.7kbits/s speed=2.43x    
frame=  345 fps= 35 q=12.0 size=    1536kB time=00:00:23.76 bitrate= 529.5kbits/s speed=2.41x    
[out#0/mp4 @ 0x643d36edf300] video:1511kB audio:213kB subtitle:0kB other streams:0kB global headers:0kB muxing overhead: 0.994552%
frame=  375 fps= 36 q=-1.0 Lsize=    1741kB time=00:00:24.99 bitrate= 570.8kbits/s speed= 2.4x    
[libx264 @ 0x643d36ee1d00] frame I:2     Avg QP:14.50  size: 30362
[libx264 @ 0x643d36ee1d00] frame P:373   Avg QP:12.09  size:  3985
[libx264 @ 0x643d36ee1d00] mb I  I16..4: 100.0%  0.0%  0.0%
[libx264 @ 0x643d36ee1d00] mb P  I16..4: 12.3%  0.0%  0.0%  P16..4:  1.8%  0.0%  0.0%  0.0%  0.0%    skip:85.9%
[libx264 @ 0x643d36ee1d00] coded y,uvDC,uvAC intra: 0.9% 13.1% 12.5% inter: 0.4% 1.4% 0.5%
[libx264 @ 0x643d36ee1d00] i16 v,h,dc,p: 98%  1%  0%  1%
[libx264 @ 0x643d36ee1d00] i8c dc,h,v,p:  4%  2% 91%  3%
[libx264 @ 0x643d36ee1d00] kb/s:495.09
[aac @ 0x643d36ee5140] Qavg: 168.314

================================================================================
================================================================================
[2026-07-26T22:54:30.733539+00:00] [AGENT: worker] [CWD: /home/pedrofelipealvesrocha/teamwork_projects/youtube_clipper] [EXIT: 0] [DURATION: 218.54ms]
COMMAND: ffprobe -v error -show_format -show_streams -of json /home/pedrofelipealvesrocha/teamwork_projects/youtube_clipper/runs/run_t0_golden/artifacts/render/short.mp4
--- STDOUT ---
{
    "streams": [
        {
            "index": 0,
            "codec_name": "h264",
            "codec_long_name": "H.264 / AVC / MPEG-4 AVC / MPEG-4 part 10",
            "profile": "Constrained Baseline",
            "codec_type": "video",
            "codec_tag_string": "avc1",
            "codec_tag": "0x31637661",
            "width": 1080,
            "height": 1920,
            "coded_width": 1080,
            "coded_height": 1920,
            "closed_captions": 0,
            "film_grain": 0,
            "has_b_frames": 0,
            "sample_aspect_ratio": "1:1",
            "display_aspect_ratio": "9:16",
            "pix_fmt": "yuv420p",
            "level": 40,
            "chroma_location": "left",
            "field_order": "progressive",
            "refs": 1,
            "is_avc": "true",
            "nal_length_size": "4",
            "id": "0x1",
            "r_frame_rate": "15/1",
            "avg_frame_rate": "15/1",
            "time_base": "1/15360",
            "start_pts": 0,
            "start_time": "0.000000",
            "duration_ts": 384000,
            "duration": "25.000000",
            "bit_rate": "495278",
            "bits_per_raw_sample": "8",
            "nb_frames": "375",
            "extradata_size": 40,
            "disposition": {
                "default": 1,
                "dub": 0,
                "original": 0,
                "comment": 0,
                "lyrics": 0,
                "karaoke": 0,
                "forced": 0,
                "hearing_impaired": 0,
                "visual_impaired": 0,
                "clean_effects": 0,
                "attached_pic": 0,
                "timed_thumbnails": 0,
                "non_diegetic": 0,
                "captions": 0,
                "descriptions": 0,
                "metadata": 0,
                "dependent": 0,
                "still_image": 0
            },
            "tags": {
                "language": "und",
                "handler_name": "VideoHandler",
                "vendor_id": "[0][0][0][0]",
                "encoder": "Lavc60.31.102 libx264"
            }
        },
        {
            "index": 1,
            "codec_name": "aac",
            "codec_long_name": "AAC (Advanced Audio Coding)",
            "profile": "LC",
            "codec_type": "audio",
            "codec_tag_string": "mp4a",
            "codec_tag": "0x6134706d",
            "sample_fmt": "fltp",
            "sample_rate": "96000",
            "channels": 1,
            "channel_layout": "mono",
            "bits_per_sample": 0,
            "initial_padding": 0,
            "id": "0x2",
            "r_frame_rate": "0/0",
            "avg_frame_rate": "0/0",
            "time_base": "1/96000",
            "start_pts": 0,
            "start_time": "0.000000",
            "duration_ts": 2400000,
            "duration": "25.000000",
            "bit_rate": "69658",
            "nb_frames": "2345",
            "extradata_size": 5,
            "disposition": {
                "default": 1,
                "dub": 0,
                "original": 0,
                "comment": 0,
                "lyrics": 0,
                "karaoke": 0,
                "forced": 0,
                "hearing_impaired": 0,
                "visual_impaired": 0,
                "clean_effects": 0,
                "attached_pic": 0,
                "timed_thumbnails": 0,
                "non_diegetic": 0,
                "captions": 0,
                "descriptions": 0,
                "metadata": 0,
                "dependent": 0,
                "still_image": 0
            },
            "tags": {
                "language": "und",
                "handler_name": "SoundHandler",
                "vendor_id": "[0][0][0][0]"
            }
        }
    ],
    "format": {
        "filename": "/home/pedrofelipealvesrocha/teamwork_projects/youtube_clipper/runs/run_t0_golden/artifacts/render/short.mp4",
        "nb_streams": 2,
        "nb_programs": 0,
        "format_name": "mov,mp4,m4a,3gp,3g2,mj2",
        "format_long_name": "QuickTime / MOV",
        "start_time": "0.000000",
        "duration": "25.000000",
        "size": "1783078",
        "bit_rate": "570584",
        "probe_score": 100,
        "tags": {
            "major_brand": "isom",
            "minor_version": "512",
            "compatible_brands": "isomiso2avc1mp41",
            "encoder": "Lavf60.16.100"
        }
    }
}

--- STDERR ---

================================================================================
================================================================================
[2026-07-26T22:54:30.967535+00:00] [AGENT: worker] [CWD: /home/pedrofelipealvesrocha/teamwork_projects/youtube_clipper] [EXIT: 0] [DURATION: 2266.24ms]
COMMAND: ffmpeg -nostdin -nostats -hide_banner -i /home/pedrofelipealvesrocha/teamwork_projects/youtube_clipper/runs/run_t0_golden/artifacts/render/short.mp4 -filter_complex ebur128=peak=true -f null -
--- STDOUT ---

--- STDERR ---
Input #0, mov,mp4,m4a,3gp,3g2,mj2, from '/home/pedrofelipealvesrocha/teamwork_projects/youtube_clipper/runs/run_t0_golden/artifacts/render/short.mp4':
  Metadata:
    major_brand     : isom
    minor_version   : 512
    compatible_brands: isomiso2avc1mp41
    encoder         : Lavf60.16.100
  Duration: 00:00:25.00, start: 0.000000, bitrate: 570 kb/s
  Stream #0:0[0x1](und): Video: h264 (Constrained Baseline) (avc1 / 0x31637661), yuv420p(progressive), 1080x1920 [SAR 1:1 DAR 9:16], 495 kb/s, 15 fps, 15 tbr, 15360 tbn (default)
    Metadata:
      handler_name    : VideoHandler
      vendor_id       : [0][0][0][0]
      encoder         : Lavc60.31.102 libx264
  Stream #0:1[0x2](und): Audio: aac (LC) (mp4a / 0x6134706D), 96000 Hz, mono, fltp, 69 kb/s (default)
    Metadata:
      handler_name    : SoundHandler
      vendor_id       : [0][0][0][0]
Stream mapping:
  Stream #0:1 (aac) -> ebur128:default (graph 0)
  ebur128:out0 (graph 0) -> Stream #0:0 (pcm_s16le)
  Stream #0:0 -> #0:1 (h264 (native) -> wrapped_avframe (native))
[Parsed_ebur128_0 @ 0x60ec3ba82240] t: 0.0999896  TARGET:-23 LUFS    M:-120.7 S:-120.7     I: -70.0 LUFS       LRA:   0.0 LU  FTPK: -10.5 dBFS  TPK: -10.5 dBFS
[Parsed_ebur128_0 @ 0x60ec3ba82240] t: 0.19999    TARGET:-23 LUFS    M:-120.7 S:-120.7     I: -70.0 LUFS       LRA:   0.0 LU  FTPK: -10.4 dBFS  TPK: -10.4 dBFS
[Parsed_ebur128_0 @ 0x60ec3ba82240] t: 0.29999    TARGET:-23 LUFS    M:-120.7 S:-120.7     I: -70.0 LUFS       LRA:   0.0 LU  FTPK: -10.4 dBFS  TPK: -10.4 dBFS
[Parsed_ebur128_0 @ 0x60ec3ba82240] t: 0.39999    TARGET:-23 LUFS    M: -14.5 S:-120.7     I: -14.5 LUFS       LRA:   0.0 LU  FTPK: -10.6 dBFS  TPK: -10.4 dBFS
[Parsed_ebur128_0 @ 0x60ec3ba82240] t: 0.49999    TARGET:-23 LUFS    M: -14.5 S:-120.7     I: -14.5 LUFS       LRA:   0.0 LU  FTPK: -10.5 dBFS  TPK: -10.4 dBFS
Output #0, null, to 'pipe:':
  Metadata:
    major_brand     : isom
    minor_version   : 512
    compatible_brands: isomiso2avc1mp41
    encoder         : Lavf60.16.100
  Stream #0:0: Audio: pcm_s16le, 96000 Hz, mono, s16, 1536 kb/s
    Metadata:
      encoder         : Lavc60.31.102 pcm_s16le
  Stream #0:1(und): Video: wrapped_avframe, yuv420p(progressive), 1080x1920 [SAR 1:1 DAR 9:16], q=2-31, 200 kb/s, 15 fps, 15 tbn (default)
    Metadata:
      handler_name    : VideoHandler
      vendor_id       : [0][0][0][0]
      encoder         : Lavc60.31.102 wrapped_avframe
[Parsed_ebur128_0 @ 0x60ec3ba82240] t: 0.59999    TARGET:-23 LUFS    M: -14.5 S:-120.7     I: -14.5 LUFS       LRA:   0.0 LU  FTPK: -10.4 dBFS  TPK: -10.4 dBFS
[Parsed_ebur128_0 @ 0x60ec3ba82240] t: 0.69999    TARGET:-23 LUFS    M: -14.5 S:-120.7     I: -14.5 LUFS       LRA:   0.0 LU  FTPK: -10.5 dBFS  TPK: -10.4 dBFS
[Parsed_ebur128_0 @ 0x60ec3ba82240] t: 0.79999    TARGET:-23 LUFS    M: -14.5 S:-120.7     I: -14.5 LUFS       LRA:   0.0 LU  FTPK: -10.5 dBFS  TPK: -10.4 dBFS
[Parsed_ebur128_0 @ 0x60ec3ba82240] t: 0.89999    TARGET:-23 LUFS    M: -14.5 S:-120.7     I: -14.5 LUFS       LRA:   0.0 LU  FTPK: -10.4 dBFS  TPK: -10.4 dBFS
[Parsed_ebur128_0 @ 0x60ec3ba82240] t: 0.99999    TARGET:-23 LUFS    M: -14.5 S:-120.7     I: -14.5 LUFS       LRA:   0.0 LU  FTPK: -10.2 dBFS  TPK: -10.2 dBFS
[Parsed_ebur128_0 @ 0x60ec3ba82240] t: 1.09999    TARGET:-23 LUFS    M: -14.5 S:-120.7     I: -14.5 LUFS       LRA:   0.0 LU  FTPK: -10.6 dBFS  TPK: -10.2 dBFS
[Parsed_ebur128_0 @ 0x60ec3ba82240] t: 1.19999    TARGET:-23 LUFS    M: -14.5 S:-120.7     I: -14.5 LUFS       LRA:   0.0 LU  FTPK: -10.5 dBFS  TPK: -10.2 dBFS
[Parsed_ebur128_0 @ 0x60ec3ba82240] t: 1.29999    TARGET:-23 LUFS    M: -14.5 S:-120.7     I: -14.5 LUFS       LRA:   0.0 LU  FTPK: -10.5 dBFS  TPK: -10.2 dBFS
[Parsed_ebur128_0 @ 0x60ec3ba82240] t: 1.39999    TARGET:-23 LUFS    M: -14.5 S:-120.7     I: -14.5 LUFS       LRA:   0.0 LU  FTPK: -10.4 dBFS  TPK: -10.2 dBFS
[Parsed_ebur128_0 @ 0x60ec3ba82240] t: 1.49999    TARGET:-23 LUFS    M: -14.5 S:-120.7     I: -14.5 LUFS       LRA:   0.0 LU  FTPK: -10.5 dBFS  TPK: -10.2 dBFS
[Parsed_ebur128_0 @ 0x60ec3ba82240] t: 1.59999    TARGET:-23 LUFS    M: -14.5 S:-120.7     I: -14.5 LUFS       LRA:   0.0 LU  FTPK: -10.5 dBFS  TPK: -10.2 dBFS
[Parsed_ebur128_0 @ 0x60ec3ba82240] t: 1.69999    TARGET:-23 LUFS    M: -14.5 S:-120.7     I: -14.5 LUFS       LRA:   0.0 LU  FTPK: -10.4 dBFS  TPK: -10.2 dBFS
[Parsed_ebur128_0 @ 0x60ec3ba82240] t: 1.79999    TARGET:-23 LUFS    M: -14.5 S:-120.7     I: -14.5 LUFS       LRA:   0.0 LU  FTPK: -10.4 dBFS  TPK: -10.2 dBFS
[Parsed_ebur128_0 @ 0x60ec3ba82240] t: 1.89999    TARGET:-23 LUFS    M: -14.5 S:-120.7     I: -14.5 LUFS       LRA:   0.0 LU  FTPK: -10.6 dBFS  TPK: -10.2 dBFS
[Parsed_ebur128_0 @ 0x60ec3ba82240] t: 1.99999    TARGET:-23 LUFS    M: -14.5 S:-120.7     I: -14.5 LUFS       LRA:   0.0 LU  FTPK: -10.6 dBFS  TPK: -10.2 dBFS
[Parsed_ebur128_0 @ 0x60ec3ba82240] t: 2.09999    TARGET:-23 LUFS    M: -14.5 S:-120.7     I: -14.5 LUFS       LRA:   0.0 LU  FTPK: -10.5 dBFS  TPK: -10.2 dBFS
[Parsed_ebur128_0 @ 0x60ec3ba82240] t: 2.19999    TARGET:-23 LUFS    M: -14.5 S:-120.7     I: -14.5 LUFS       LRA:   0.0 LU  FTPK: -10.5 dBFS  TPK: -10.2 dBFS
[Parsed_ebur128_0 @ 0x60ec3ba82240] t: 2.29999    TARGET:-23 LUFS    M: -14.5 S:-120.7     I: -14.5 LUFS       LRA:   0.0 LU  FTPK: -10.5 dBFS  TPK: -10.2 dBFS
[Parsed_ebur128_0 @ 0x60ec3ba82240] t: 2.39999    TARGET:-23 LUFS    M: -14.5 S:-120.7     I: -14.5 LUFS       LRA:   0.0 LU  FTPK: -10.5 dBFS  TPK: -10.2 dBFS
[Parsed_ebur128_0 @ 0x60ec3ba82240] t: 2.49999    TARGET:-23 LUFS    M: -14.5 S:-120.7     I: -14.5 LUFS       LRA:   0.0 LU  FTPK: -10.5 dBFS  TPK: -10.2 dBFS
[Parsed_ebur128_0 @ 0x60ec3ba82240] t: 2.59999    TARGET:-23 LUFS    M: -14.5 S:-120.7     I: -14.5 LUFS       LRA:   0.0 LU  FTPK: -10.5 dBFS  TPK: -10.2 dBFS
[Parsed_ebur128_0 @ 0x60ec3ba82240] t: 2.69999    TARGET:-23 LUFS    M: -14.5 S:-120.7     I: -14.5 LUFS       LRA:   0.0 LU  FTPK: -10.5 dBFS  TPK: -10.2 dBFS
[Parsed_ebur128_0 @ 0x60ec3ba82240] t: 2.79999    TARGET:-23 LUFS    M: -14.5 S:-120.7     I: -14.5 LUFS       LRA:   0.0 LU  FTPK: -10.5 dBFS  TPK: -10.2 dBFS
[Parsed_ebur128_0 @ 0x60ec3ba82240] t: 2.89999    TARGET:-23 LUFS    M: -14.5 S:-120.7     I: -14.5 LUFS       LRA:   0.0 LU  FTPK: -10.5 dBFS  TPK: -10.2 dBFS
[Parsed_ebur128_0 @ 0x60ec3ba82240] t: 2.99999    TARGET:-23 LUFS    M: -14.5 S: -14.5     I: -14.5 LUFS       LRA:  20.0 LU  FTPK: -10.5 dBFS  TPK: -10.2 dBFS
[Parsed_ebur128_0 @ 0x60ec3ba82240] t: 3.09999    TARGET:-23 LUFS    M: -14.5 S: -14.5     I: -14.5 LUFS       LRA:  20.0 LU  FTPK: -10.5 dBFS  TPK: -10.2 dBFS
[Parsed_ebur128_0 @ 0x60ec3ba82240] t: 3.19999    TARGET:-23 LUFS    M: -14.5 S: -14.5     I: -14.5 LUFS       LRA:  20.0 LU  FTPK: -10.5 dBFS  TPK: -10.2 dBFS
[Parsed_ebur128_0 @ 0x60ec3ba82240] t: 3.29999    TARGET:-23 LUFS    M: -14.5 S: -14.5     I: -14.5 LUFS       LRA:  20.0 LU  FTPK: -10.5 dBFS  TPK: -10.2 dBFS
[Parsed_ebur128_0 @ 0x60ec3ba82240] t: 3.39999    TARGET:-23 LUFS    M: -14.5 S: -14.5     I: -14.5 LUFS       LRA:   0.0 LU  FTPK: -10.5 dBFS  TPK: -10.2 dBFS
[Parsed_ebur128_0 @ 0x60ec3ba82240] t: 3.49999    TARGET:-23 LUFS    M: -14.5 S: -14.5     I: -14.5 LUFS       LRA:   0.0 LU  FTPK: -10.6 dBFS  TPK: -10.2 dBFS
[Parsed_ebur128_0 @ 0x60ec3ba82240] t: 3.59999    TARGET:-23 LUFS    M: -14.5 S: -14.5     I: -14.5 LUFS       LRA:   0.0 LU  FTPK: -10.7 dBFS  TPK: -10.2 dBFS
[Parsed_ebur128_0 @ 0x60ec3ba82240] t: 3.69999    TARGET:-23 LUFS    M: -14.6 S: -14.5     I: -14.5 LUFS       LRA:   0.0 LU  FTPK: -10.5 dBFS  TPK: -10.2 dBFS
[Parsed_ebur128_0 @ 0x60ec3ba82240] t: 3.79999    TARGET:-23 LUFS    M: -14.5 S: -14.5     I: -14.5 LUFS       LRA:   0.0 LU  FTPK: -10.6 dBFS  TPK: -10.2 dBFS
[Parsed_ebur128_0 @ 0x60ec3ba82240] t: 3.89999    TARGET:-23 LUFS    M: -14.5 S: -14.5     I: -14.5 LUFS       LRA:   0.0 LU  FTPK: -10.6 dBFS  TPK: -10.2 dBFS
[Parsed_ebur128_0 @ 0x60ec3ba82240] t: 3.99999    TARGET:-23 LUFS    M: -14.5 S: -14.5     I: -14.5 LUFS       LRA:   0.0 LU  FTPK: -10.5 dBFS  TPK: -10.2 dBFS
[Parsed_ebur128_0 @ 0x60ec3ba82240] t: 4.09999    TARGET:-23 LUFS    M: -14.5 S: -14.5     I: -14.5 LUFS       LRA:   0.0 LU  FTPK: -10.5 dBFS  TPK: -10.2 dBFS
[Parsed_ebur128_0 @ 0x60ec3ba82240] t: 4.19999    TARGET:-23 LUFS    M: -14.5 S: -14.5     I: -14.5 LUFS       LRA:   0.0 LU  FTPK: -10.5 dBFS  TPK: -10.2 dBFS
[Parsed_ebur128_0 @ 0x60ec3ba82240] t: 4.29999    TARGET:-23 LUFS    M: -14.5 S: -14.5     I: -14.5 LUFS       LRA:   0.0 LU  FTPK: -10.6 dBFS  TPK: -10.2 dBFS
[Parsed_ebur128_0 @ 0x60ec3ba82240] t: 4.39999    TARGET:-23 LUFS    M: -14.5 S: -14.5     I: -14.5 LUFS       LRA:   0.0 LU  FTPK: -10.7 dBFS  TPK: -10.2 dBFS
[Parsed_ebur128_0 @ 0x60ec3ba82240] t: 4.49999    TARGET:-23 LUFS    M: -14.5 S: -14.5     I: -14.5 LUFS       LRA:   0.0 LU  FTPK: -10.5 dBFS  TPK: -10.2 dBFS
[Parsed_ebur128_0 @ 0x60ec3ba82240] t: 4.59999    TARGET:-23 LUFS    M: -14.5 S: -14.5     I: -14.5 LUFS       LRA:   0.0 LU  FTPK: -10.6 dBFS  TPK: -10.2 dBFS
[Parsed_ebur128_0 @ 0x60ec3ba82240] t: 4.69999    TARGET:-23 LUFS    M: -14.5 S: -14.5     I: -14.5 LUFS       LRA:   0.0 LU  FTPK: -10.5 dBFS  TPK: -10.2 dBFS
[Parsed_ebur128_0 @ 0x60ec3ba82240] t: 4.79999    TARGET:-23 LUFS    M: -14.5 S: -14.5     I: -14.5 LUFS       LRA:   0.0 LU  FTPK: -10.5 dBFS  TPK: -10.2 dBFS
[Parsed_ebur128_0 @ 0x60ec3ba82240] t: 4.89999    TARGET:-23 LUFS    M: -14.5 S: -14.5     I: -14.5 LUFS       LRA:   0.0 LU  FTPK: -10.5 dBFS  TPK: -10.2 dBFS
[Parsed_ebur128_0 @ 0x60ec3ba82240] t: 4.99999    TARGET:-23 LUFS    M: -14.5 S: -14.5     I: -14.5 LUFS       LRA:   0.0 LU  FTPK: -10.4 dBFS  TPK: -10.2 dBFS
[Parsed_ebur128_0 @ 0x60ec3ba82240] t: 5.09999    TARGET:-23 LUFS    M: -14.5 S: -14.5     I: -14.5 LUFS       LRA:   0.0 LU  FTPK: -10.6 dBFS  TPK: -10.2 dBFS
[Parsed_ebur128_0 @ 0x60ec3ba82240] t: 5.19999    TARGET:-23 LUFS    M: -14.5 S: -14.5     I: -14.5 LUFS       LRA:   0.0 LU  FTPK: -10.6 dBFS  TPK: -10.2 dBFS
[Parsed_ebur128_0 @ 0x60ec3ba82240] t: 5.29999    TARGET:-23 LUFS    M: -14.5 S: -14.5     I: -14.5 LUFS       LRA:   0.0 LU  FTPK: -10.5 dBFS  TPK: -10.2 dBFS
[Parsed_ebur128_0 @ 0x60ec3ba82240] t: 5.39999    TARGET:-23 LUFS    M: -14.5 S: -14.5     I: -14.5 LUFS       LRA:   0.0 LU  FTPK: -10.6 dBFS  TPK: -10.2 dBFS
[Parsed_ebur128_0 @ 0x60ec3ba82240] t: 5.49999    TARGET:-23 LUFS    M: -14.5 S: -14.5     I: -14.5 LUFS       LRA:   0.0 LU  FTPK: -10.5 dBFS  TPK: -10.2 dBFS
[Parsed_ebur128_0 @ 0x60ec3ba82240] t: 5.59999    TARGET:-23 LUFS    M: -14.5 S: -14.5     I: -14.5 LUFS       LRA:   0.0 LU  FTPK: -10.5 dBFS  TPK: -10.2 dBFS
[Parsed_ebur128_0 @ 0x60ec3ba82240] t: 5.69999    TARGET:-23 LUFS    M: -14.5 S: -14.5     I: -14.5 LUFS       LRA:   0.0 LU  FTPK: -10.5 dBFS  TPK: -10.2 dBFS
[Parsed_ebur128_0 @ 0x60ec3ba82240] t: 5.79999    TARGET:-23 LUFS    M: -14.5 S: -14.5     I: -14.5 LUFS       LRA:   0.0 LU  FTPK: -10.5 dBFS  TPK: -10.2 dBFS
[Parsed_ebur128_0 @ 0x60ec3ba82240] t: 5.89999    TARGET:-23 LUFS    M: -14.5 S: -14.5     I: -14.5 LUFS       LRA:   0.0 LU  FTPK: -10.6 dBFS  TPK: -10.2 dBFS
[Parsed_ebur128_0 @ 0x60ec3ba82240] t: 5.99999    TARGET:-23 LUFS    M: -14.5 S: -14.5     I: -14.5 LUFS       LRA:   0.0 LU  FTPK: -10.6 dBFS  TPK: -10.2 dBFS
[Parsed_ebur128_0 @ 0x60ec3ba82240] t: 6.09999    TARGET:-23 LUFS    M: -14.5 S: -14.5     I: -14.5 LUFS       LRA:   0.0 LU  FTPK: -10.5 dBFS  TPK: -10.2 dBFS
[Parsed_ebur128_0 @ 0x60ec3ba82240] t: 6.19999    TARGET:-23 LUFS    M: -14.5 S: -14.5     I: -14.5 LUFS       LRA:   0.0 LU  FTPK: -10.5 dBFS  TPK: -10.2 dBFS
[Parsed_ebur128_0 @ 0x60ec3ba82240] t: 6.29999    TARGET:-23 LUFS    M: -14.5 S: -14.5     I: -14.5 LUFS       LRA:   0.0 LU  FTPK: -10.7 dBFS  TPK: -10.2 dBFS
[Parsed_ebur128_0 @ 0x60ec3ba82240] t: 6.39999    TARGET:-23 LUFS    M: -14.5 S: -14.5     I: -14.5 LUFS       LRA:   0.0 LU  FTPK: -10.5 dBFS  TPK: -10.2 dBFS
[Parsed_ebur128_0 @ 0x60ec3ba82240] t: 6.49999    TARGET:-23 LUFS    M: -14.5 S: -14.5     I: -14.5 LUFS       LRA:   0.0 LU  FTPK: -10.5 dBFS  TPK: -10.2 dBFS
[Parsed_ebur128_0 @ 0x60ec3ba82240] t: 6.59999    TARGET:-23 LUFS    M: -14.5 S: -14.5     I: -14.5 LUFS       LRA:   0.0 LU  FTPK: -10.4 dBFS  TPK: -10.2 dBFS
[Parsed_ebur128_0 @ 0x60ec3ba82240] t: 6.69999    TARGET:-23 LUFS    M: -14.5 S: -14.5     I: -14.5 LUFS       LRA:   0.0 LU  FTPK: -10.6 dBFS  TPK: -10.2 dBFS
[Parsed_ebur128_0 @ 0x60ec3ba82240] t: 6.79999    TARGET:-23 LUFS    M: -14.5 S: -14.5     I: -14.5 LUFS       LRA:   0.0 LU  FTPK: -10.6 dBFS  TPK: -10.2 dBFS
[Parsed_ebur128_0 @ 0x60ec3ba82240] t: 6.89999    TARGET:-23 LUFS    M: -14.5 S: -14.5     I: -14.5 LUFS       LRA:   0.0 LU  FTPK: -10.6 dBFS  TPK: -10.2 dBFS
[Parsed_ebur128_0 @ 0x60ec3ba82240] t: 6.99999    TARGET:-23 LUFS    M: -14.5 S: -14.5     I: -14.5 LUFS       LRA:   0.0 LU  FTPK: -10.6 dBFS  TPK: -10.2 dBFS
[Parsed_ebur128_0 @ 0x60ec3ba82240] t: 7.09999    TARGET:-23 LUFS    M: -14.5 S: -14.5     I: -14.5 LUFS       LRA:   0.0 LU  FTPK: -10.6 dBFS  TPK: -10.2 dBFS
[Parsed_ebur128_0 @ 0x60ec3ba82240] t: 7.19999    TARGET:-23 LUFS    M: -14.5 S: -14.5     I: -14.5 LUFS       LRA:   0.0 LU  FTPK: -10.5 dBFS  TPK: -10.2 dBFS
[Parsed_ebur128_0 @ 0x60ec3ba82240] t: 7.29999    TARGET:-23 LUFS    M: -14.5 S: -14.5     I: -14.5 LUFS       LRA:   0.0 LU  FTPK: -10.5 dBFS  TPK: -10.2 dBFS
[Parsed_ebur128_0 @ 0x60ec3ba82240] t: 7.39999    TARGET:-23 LUFS    M: -14.5 S: -14.5     I: -14.5 LUFS       LRA:   0.0 LU  FTPK: -10.4 dBFS  TPK: -10.2 dBFS
[Parsed_ebur128_0 @ 0x60ec3ba82240] t: 7.49999    TARGET:-23 LUFS    M: -14.5 S: -14.5     I: -14.5 LUFS       LRA:   0.0 LU  FTPK: -10.6 dBFS  TPK: -10.2 dBFS
[Parsed_ebur128_0 @ 0x60ec3ba82240] t: 7.59999    TARGET:-23 LUFS    M: -14.5 S: -14.5     I: -14.5 LUFS       LRA:   0.0 LU  FTPK: -10.6 dBFS  TPK: -10.2 dBFS
[Parsed_ebur128_0 @ 0x60ec3ba82240] t: 7.69999    TARGET:-23 LUFS    M: -14.5 S: -14.5     I: -14.5 LUFS       LRA:   0.0 LU  FTPK: -10.5 dBFS  TPK: -10.2 dBFS
[Parsed_ebur128_0 @ 0x60ec3ba82240] t: 7.79999    TARGET:-23 LUFS    M: -14.5 S: -14.5     I: -14.5 LUFS       LRA:   0.0 LU  FTPK: -10.5 dBFS  TPK: -10.2 dBFS
[Parsed_ebur128_0 @ 0x60ec3ba82240] t: 7.89999    TARGET:-23 LUFS    M: -14.5 S: -14.5     I: -14.5 LUFS       LRA:   0.0 LU  FTPK: -10.5 dBFS  TPK: -10.2 dBFS
[Parsed_ebur128_0 @ 0x60ec3ba82240] t: 7.99999    TARGET:-23 LUFS    M: -14.5 S: -14.5     I: -14.5 LUFS       LRA:   0.0 LU  FTPK: -10.5 dBFS  TPK: -10.2 dBFS
[Parsed_ebur128_0 @ 0x60ec3ba82240] t: 8.09999    TARGET:-23 LUFS    M: -14.5 S: -14.5     I: -14.5 LUFS       LRA:   0.0 LU  FTPK: -10.5 dBFS  TPK: -10.2 dBFS
[Parsed_ebur128_0 @ 0x60ec3ba82240] t: 8.19999    TARGET:-23 LUFS    M: -14.5 S: -14.5     I: -14.5 LUFS       LRA:   0.0 LU  FTPK: -10.5 dBFS  TPK: -10.2 dBFS
[Parsed_ebur128_0 @ 0x60ec3ba82240] t: 8.29999    TARGET:-23 LUFS    M: -14.5 S: -14.5     I: -14.5 LUFS       LRA:   0.0 LU  FTPK: -10.6 dBFS  TPK: -10.2 dBFS
[Parsed_ebur128_0 @ 0x60ec3ba82240] t: 8.39999    TARGET:-23 LUFS    M: -14.5 S: -14.5     I: -14.5 LUFS       LRA:   0.0 LU  FTPK: -10.5 dBFS  TPK: -10.2 dBFS
[Parsed_ebur128_0 @ 0x60ec3ba82240] t: 8.49999    TARGET:-23 LUFS    M: -14.5 S: -14.5     I: -14.5 LUFS       LRA:   0.0 LU  FTPK: -10.5 dBFS  TPK: -10.2 dBFS
[Parsed_ebur128_0 @ 0x60ec3ba82240] t: 8.59999    TARGET:-23 LUFS    M: -14.5 S: -14.5     I: -14.5 LUFS       LRA:   0.0 LU  FTPK: -10.5 dBFS  TPK: -10.2 dBFS
[Parsed_ebur128_0 @ 0x60ec3ba82240] t: 8.69999    TARGET:-23 LUFS    M: -14.5 S: -14.5     I: -14.5 LUFS       LRA:   0.0 LU  FTPK: -10.6 dBFS  TPK: -10.2 dBFS
[Parsed_ebur128_0 @ 0x60ec3ba82240] t: 8.79999    TARGET:-23 LUFS    M: -14.5 S: -14.5     I: -14.5 LUFS       LRA:   0.0 LU  FTPK: -10.5 dBFS  TPK: -10.2 dBFS
[Parsed_ebur128_0 @ 0x60ec3ba82240] t: 8.89999    TARGET:-23 LUFS    M: -14.5 S: -14.5     I: -14.5 LUFS       LRA:   0.0 LU  FTPK: -10.5 dBFS  TPK: -10.2 dBFS
[Parsed_ebur128_0 @ 0x60ec3ba82240] t: 8.99999    TARGET:-23 LUFS    M: -14.5 S: -14.5     I: -14.5 LUFS       LRA:   0.0 LU  FTPK: -10.5 dBFS  TPK: -10.2 dBFS
[Parsed_ebur128_0 @ 0x60ec3ba82240] t: 9.09999    TARGET:-23 LUFS    M: -14.5 S: -14.5     I: -14.5 LUFS       LRA:   0.0 LU  FTPK: -10.7 dBFS  TPK: -10.2 dBFS
[Parsed_ebur128_0 @ 0x60ec3ba82240] t: 9.19999    TARGET:-23 LUFS    M: -14.5 S: -14.5     I: -14.5 LUFS       LRA:   0.0 LU  FTPK: -10.6 dBFS  TPK: -10.2 dBFS
[Parsed_ebur128_0 @ 0x60ec3ba82240] t: 9.29999    TARGET:-23 LUFS    M: -14.6 S: -14.5     I: -14.5 LUFS       LRA:   0.0 LU  FTPK: -10.5 dBFS  TPK: -10.2 dBFS
[Parsed_ebur128_0 @ 0x60ec3ba82240] t: 9.39999    TARGET:-23 LUFS    M: -14.5 S: -14.5     I: -14.5 LUFS       LRA:   0.0 LU  FTPK: -10.5 dBFS  TPK: -10.2 dBFS
[Parsed_ebur128_0 @ 0x60ec3ba82240] t: 9.49999    TARGET:-23 LUFS    M: -14.6 S: -14.5     I: -14.5 LUFS       LRA:   0.0 LU  FTPK: -10.6 dBFS  TPK: -10.2 dBFS
[Parsed_ebur128_0 @ 0x60ec3ba82240] t: 9.59999    TARGET:-23 LUFS    M: -14.6 S: -14.5     I: -14.5 LUFS       LRA:   0.0 LU  FTPK: -10.5 dBFS  TPK: -10.2 dBFS
[Parsed_ebur128_0 @ 0x60ec3ba82240] t: 9.69999    TARGET:-23 LUFS    M: -14.5 S: -14.5     I: -14.5 LUFS       LRA:   0.0 LU  FTPK: -10.5 dBFS  TPK: -10.2 dBFS
[Parsed_ebur128_0 @ 0x60ec3ba82240] t: 9.79999    TARGET:-23 LUFS    M: -14.5 S: -14.5     I: -14.5 LUFS       LRA:   0.0 LU  FTPK: -10.5 dBFS  TPK: -10.2 dBFS
[Parsed_ebur128_0 @ 0x60ec3ba82240] t: 9.89999    TARGET:-23 LUFS    M: -14.5 S: -14.5     I: -14.5 LUFS       LRA:   0.0 LU  FTPK: -10.6 dBFS  TPK: -10.2 dBFS
[Parsed_ebur128_0 @ 0x60ec3ba82240] t: 9.99999    TARGET:-23 LUFS    M: -14.5 S: -14.5     I: -14.5 LUFS       LRA:   0.0 LU  FTPK: -10.5 dBFS  TPK: -10.2 dBFS
[Parsed_ebur128_0 @ 0x60ec3ba82240] t: 10.1       TARGET:-23 LUFS    M: -14.5 S: -14.5     I: -14.5 LUFS       LRA:   0.0 LU  FTPK: -10.8 dBFS  TPK: -10.2 dBFS
[Parsed_ebur128_0 @ 0x60ec3ba82240] t: 10.2       TARGET:-23 LUFS    M: -14.6 S: -14.5     I: -14.5 LUFS       LRA:   0.0 LU  FTPK: -10.6 dBFS  TPK: -10.2 dBFS
[Parsed_ebur128_0 @ 0x60ec3ba82240] t: 10.3       TARGET:-23 LUFS    M: -14.6 S: -14.5     I: -14.5 LUFS       LRA:   0.0 LU  FTPK: -10.7 dBFS  TPK: -10.2 dBFS
[Parsed_ebur128_0 @ 0x60ec3ba82240] t: 10.4       TARGET:-23 LUFS    M: -14.6 S: -14.5     I: -14.5 LUFS       LRA:   0.0 LU  FTPK: -10.6 dBFS  TPK: -10.2 dBFS
[Parsed_ebur128_0 @ 0x60ec3ba82240] t: 10.5       TARGET:-23 LUFS    M: -14.5 S: -14.5     I: -14.5 LUFS       LRA:   0.0 LU  FTPK: -10.5 dBFS  TPK: -10.2 dBFS
[Parsed_ebur128_0 @ 0x60ec3ba82240] t: 10.6       TARGET:-23 LUFS    M: -14.5 S: -14.5     I: -14.5 LUFS       LRA:   0.0 LU  FTPK: -10.5 dBFS  TPK: -10.2 dBFS
[Parsed_ebur128_0 @ 0x60ec3ba82240] t: 10.7       TARGET:-23 LUFS    M: -14.5 S: -14.5     I: -14.5 LUFS       LRA:   0.0 LU  FTPK: -10.6 dBFS  TPK: -10.2 dBFS
[Parsed_ebur128_0 @ 0x60ec3ba82240] t: 10.8       TARGET:-23 LUFS    M: -14.5 S: -14.5     I: -14.5 LUFS       LRA:   0.0 LU  FTPK: -10.6 dBFS  TPK: -10.2 dBFS
[Parsed_ebur128_0 @ 0x60ec3ba82240] t: 10.9       TARGET:-23 LUFS    M: -14.5 S: -14.5     I: -14.5 LUFS       LRA:   0.0 LU  FTPK: -10.7 dBFS  TPK: -10.2 dBFS
[Parsed_ebur128_0 @ 0x60ec3ba82240] t: 11         TARGET:-23 LUFS    M: -14.5 S: -14.5     I: -14.5 LUFS       LRA:   0.0 LU  FTPK: -10.5 dBFS  TPK: -10.2 dBFS
[Parsed_ebur128_0 @ 0x60ec3ba82240] t: 11.1       TARGET:-23 LUFS    M: -14.5 S: -14.5     I: -14.5 LUFS       LRA:   0.0 LU  FTPK: -10.6 dBFS  TPK: -10.2 dBFS
[Parsed_ebur128_0 @ 0x60ec3ba82240] t: 11.2       TARGET:-23 LUFS    M: -14.5 S: -14.5     I: -14.5 LUFS       LRA:   0.0 LU  FTPK: -10.6 dBFS  TPK: -10.2 dBFS
[Parsed_ebur128_0 @ 0x60ec3ba82240] t: 11.3       TARGET:-23 LUFS    M: -14.5 S: -14.5     I: -14.5 LUFS       LRA:   0.0 LU  FTPK: -10.5 dBFS  TPK: -10.2 dBFS
[Parsed_ebur128_0 @ 0x60ec3ba82240] t: 11.4       TARGET:-23 LUFS    M: -14.5 S: -14.5     I: -14.5 LUFS       LRA:   0.0 LU  FTPK: -10.5 dBFS  TPK: -10.2 dBFS
[Parsed_ebur128_0 @ 0x60ec3ba82240] t: 11.5       TARGET:-23 LUFS    M: -14.5 S: -14.5     I: -14.5 LUFS       LRA:   0.0 LU  FTPK: -10.6 dBFS  TPK: -10.2 dBFS
[Parsed_ebur128_0 @ 0x60ec3ba82240] t: 11.6       TARGET:-23 LUFS    M: -14.5 S: -14.5     I: -14.5 LUFS       LRA:   0.0 LU  FTPK: -10.5 dBFS  TPK: -10.2 dBFS
[Parsed_ebur128_0 @ 0x60ec3ba82240] t: 11.7       TARGET:-23 LUFS    M: -14.5 S: -14.5     I: -14.5 LUFS       LRA:   0.0 LU  FTPK: -10.6 dBFS  TPK: -10.2 dBFS
[Parsed_ebur128_0 @ 0x60ec3ba82240] t: 11.8       TARGET:-23 LUFS    M: -14.5 S: -14.5     I: -14.5 LUFS       LRA:   0.0 LU  FTPK: -10.5 dBFS  TPK: -10.2 dBFS
[Parsed_ebur128_0 @ 0x60ec3ba82240] t: 11.9       TARGET:-23 LUFS    M: -14.5 S: -14.5     I: -14.5 LUFS       LRA:   0.0 LU  FTPK: -10.6 dBFS  TPK: -10.2 dBFS
[Parsed_ebur128_0 @ 0x60ec3ba82240] t: 12         TARGET:-23 LUFS    M: -14.5 S: -14.5     I: -14.5 LUFS       LRA:   0.0 LU  FTPK: -10.5 dBFS  TPK: -10.2 dBFS
[Parsed_ebur128_0 @ 0x60ec3ba82240] t: 12.1       TARGET:-23 LUFS    M: -14.5 S: -14.5     I: -14.5 LUFS       LRA:   0.0 LU  FTPK: -10.5 dBFS  TPK: -10.2 dBFS
[Parsed_ebur128_0 @ 0x60ec3ba82240] t: 12.2       TARGET:-23 LUFS    M: -14.5 S: -14.5     I: -14.5 LUFS       LRA:   0.0 LU  FTPK: -10.4 dBFS  TPK: -10.2 dBFS
[Parsed_ebur128_0 @ 0x60ec3ba82240] t: 12.3       TARGET:-23 LUFS    M: -14.5 S: -14.5     I: -14.5 LUFS       LRA:   0.0 LU  FTPK: -10.6 dBFS  TPK: -10.2 dBFS
[Parsed_ebur128_0 @ 0x60ec3ba82240] t: 12.4       TARGET:-23 LUFS    M: -14.5 S: -14.5     I: -14.5 LUFS       LRA:   0.0 LU  FTPK: -10.6 dBFS  TPK: -10.2 dBFS
[Parsed_ebur128_0 @ 0x60ec3ba82240] t: 12.5       TARGET:-23 LUFS    M: -14.5 S: -14.5     I: -14.5 LUFS       LRA:   0.0 LU  FTPK: -10.5 dBFS  TPK: -10.2 dBFS
[Parsed_ebur128_0 @ 0x60ec3ba82240] t: 12.6       TARGET:-23 LUFS    M: -14.5 S: -14.5     I: -14.5 LUFS       LRA:   0.0 LU  FTPK: -10.6 dBFS  TPK: -10.2 dBFS
[Parsed_ebur128_0 @ 0x60ec3ba82240] t: 12.7       TARGET:-23 LUFS    M: -14.5 S: -14.5     I: -14.5 LUFS       LRA:   0.0 LU  FTPK: -10.5 dBFS  TPK: -10.2 dBFS
[Parsed_ebur128_0 @ 0x60ec3ba82240] t: 12.8       TARGET:-23 LUFS    M: -14.5 S: -14.5     I: -14.5 LUFS       LRA:   0.0 LU  FTPK: -10.5 dBFS  TPK: -10.2 dBFS
[Parsed_ebur128_0 @ 0x60ec3ba82240] t: 12.9       TARGET:-23 LUFS    M: -14.5 S: -14.5     I: -14.5 LUFS       LRA:   0.0 LU  FTPK: -10.5 dBFS  TPK: -10.2 dBFS
[Parsed_ebur128_0 @ 0x60ec3ba82240] t: 13         TARGET:-23 LUFS    M: -14.5 S: -14.5     I: -14.5 LUFS       LRA:   0.0 LU  FTPK: -10.5 dBFS  TPK: -10.2 dBFS
[Parsed_ebur128_0 @ 0x60ec3ba82240] t: 13.1       TARGET:-23 LUFS    M: -14.5 S: -14.5     I: -14.5 LUFS       LRA:   0.0 LU  FTPK: -10.6 dBFS  TPK: -10.2 dBFS
[Parsed_ebur128_0 @ 0x60ec3ba82240] t: 13.2       TARGET:-23 LUFS    M: -14.5 S: -14.5     I: -14.5 LUFS       LRA:   0.0 LU  FTPK: -10.5 dBFS  TPK: -10.2 dBFS
[Parsed_ebur128_0 @ 0x60ec3ba82240] t: 13.3       TARGET:-23 LUFS    M: -14.5 S: -14.5     I: -14.5 LUFS       LRA:   0.0 LU  FTPK: -10.5 dBFS  TPK: -10.2 dBFS
[Parsed_ebur128_0 @ 0x60ec3ba82240] t: 13.4       TARGET:-23 LUFS    M: -14.5 S: -14.5     I: -14.5 LUFS       LRA:   0.0 LU  FTPK: -10.5 dBFS  TPK: -10.2 dBFS
[Parsed_ebur128_0 @ 0x60ec3ba82240] t: 13.5       TARGET:-23 LUFS    M: -14.5 S: -14.5     I: -14.5 LUFS       LRA:   0.0 LU  FTPK: -10.6 dBFS  TPK: -10.2 dBFS
[Parsed_ebur128_0 @ 0x60ec3ba82240] t: 13.6       TARGET:-23 LUFS    M: -14.5 S: -14.5     I: -14.5 LUFS       LRA:   0.0 LU  FTPK: -10.5 dBFS  TPK: -10.2 dBFS
[Parsed_ebur128_0 @ 0x60ec3ba82240] t: 13.7       TARGET:-23 LUFS    M: -14.5 S: -14.5     I: -14.5 LUFS       LRA:   0.0 LU  FTPK: -10.5 dBFS  TPK: -10.2 dBFS
[Parsed_ebur128_0 @ 0x60ec3ba82240] t: 13.8       TARGET:-23 LUFS    M: -14.5 S: -14.5     I: -14.5 LUFS       LRA:   0.0 LU  FTPK: -10.5 dBFS  TPK: -10.2 dBFS
[Parsed_ebur128_0 @ 0x60ec3ba82240] t: 13.9       TARGET:-23 LUFS    M: -14.5 S: -14.5     I: -14.5 LUFS       LRA:   0.0 LU  FTPK: -10.6 dBFS  TPK: -10.2 dBFS
[Parsed_ebur128_0 @ 0x60ec3ba82240] t: 14         TARGET:-23 LUFS    M: -14.5 S: -14.5     I: -14.5 LUFS       LRA:   0.0 LU  FTPK: -10.6 dBFS  TPK: -10.2 dBFS
[Parsed_ebur128_0 @ 0x60ec3ba82240] t: 14.1       TARGET:-23 LUFS    M: -14.5 S: -14.5     I: -14.5 LUFS       LRA:   0.0 LU  FTPK: -10.5 dBFS  TPK: -10.2 dBFS
[Parsed_ebur128_0 @ 0x60ec3ba82240] t: 14.2       TARGET:-23 LUFS    M: -14.6 S: -14.5     I: -14.5 LUFS       LRA:   0.0 LU  FTPK: -10.7 dBFS  TPK: -10.2 dBFS
[Parsed_ebur128_0 @ 0x60ec3ba82240] t: 14.3       TARGET:-23 LUFS    M: -14.6 S: -14.5     I: -14.5 LUFS       LRA:   0.0 LU  FTPK: -10.7 dBFS  TPK: -10.2 dBFS
[Parsed_ebur128_0 @ 0x60ec3ba82240] t: 14.4       TARGET:-23 LUFS    M: -14.6 S: -14.5     I: -14.5 LUFS       LRA:   0.0 LU  FTPK: -10.6 dBFS  TPK: -10.2 dBFS
[Parsed_ebur128_0 @ 0x60ec3ba82240] t: 14.5       TARGET:-23 LUFS    M: -14.5 S: -14.5     I: -14.5 LUFS       LRA:   0.0 LU  FTPK: -10.5 dBFS  TPK: -10.2 dBFS
[Parsed_ebur128_0 @ 0x60ec3ba82240] t: 14.6       TARGET:-23 LUFS    M: -14.5 S: -14.5     I: -14.5 LUFS       LRA:   0.0 LU  FTPK: -10.5 dBFS  TPK: -10.2 dBFS
[Parsed_ebur128_0 @ 0x60ec3ba82240] t: 14.7       TARGET:-23 LUFS    M: -14.5 S: -14.5     I: -14.5 LUFS       LRA:   0.0 LU  FTPK: -10.7 dBFS  TPK: -10.2 dBFS
[Parsed_ebur128_0 @ 0x60ec3ba82240] t: 14.8       TARGET:-23 LUFS    M: -14.5 S: -14.5     I: -14.5 LUFS       LRA:   0.0 LU  FTPK: -10.5 dBFS  TPK: -10.2 dBFS
[Parsed_ebur128_0 @ 0x60ec3ba82240] t: 14.9       TARGET:-23 LUFS    M: -14.5 S: -14.5     I: -14.5 LUFS       LRA:   0.0 LU  FTPK: -10.6 dBFS  TPK: -10.2 dBFS
[Parsed_ebur128_0 @ 0x60ec3ba82240] t: 15         TARGET:-23 LUFS    M: -14.5 S: -14.5     I: -14.5 LUFS       LRA:   0.0 LU  FTPK: -10.6 dBFS  TPK: -10.2 dBFS
[Parsed_ebur128_0 @ 0x60ec3ba82240] t: 15.1       TARGET:-23 LUFS    M: -14.5 S: -14.5     I: -14.5 LUFS       LRA:   0.0 LU  FTPK: -10.6 dBFS  TPK: -10.2 dBFS
[Parsed_ebur128_0 @ 0x60ec3ba82240] t: 15.2       TARGET:-23 LUFS    M: -14.5 S: -14.5     I: -14.5 LUFS       LRA:   0.0 LU  FTPK: -10.5 dBFS  TPK: -10.2 dBFS
[Parsed_ebur128_0 @ 0x60ec3ba82240] t: 15.3       TARGET:-23 LUFS    M: -14.5 S: -14.5     I: -14.5 LUFS       LRA:   0.0 LU  FTPK: -10.5 dBFS  TPK: -10.2 dBFS
[Parsed_ebur128_0 @ 0x60ec3ba82240] t: 15.4       TARGET:-23 LUFS    M: -14.5 S: -14.5     I: -14.5 LUFS       LRA:   0.0 LU  FTPK: -10.5 dBFS  TPK: -10.2 dBFS
[Parsed_ebur128_0 @ 0x60ec3ba82240] t: 15.5       TARGET:-23 LUFS    M: -14.5 S: -14.5     I: -14.5 LUFS       LRA:   0.0 LU  FTPK: -10.6 dBFS  TPK: -10.2 dBFS
[Parsed_ebur128_0 @ 0x60ec3ba82240] t: 15.6       TARGET:-23 LUFS    M: -14.5 S: -14.5     I: -14.5 LUFS       LRA:   0.0 LU  FTPK: -10.5 dBFS  TPK: -10.2 dBFS
[Parsed_ebur128_0 @ 0x60ec3ba82240] t: 15.7       TARGET:-23 LUFS    M: -14.5 S: -14.5     I: -14.5 LUFS       LRA:   0.0 LU  FTPK: -10.5 dBFS  TPK: -10.2 dBFS
[Parsed_ebur128_0 @ 0x60ec3ba82240] t: 15.8       TARGET:-23 LUFS    M: -14.5 S: -14.5     I: -14.5 LUFS       LRA:   0.0 LU  FTPK: -10.6 dBFS  TPK: -10.2 dBFS
[Parsed_ebur128_0 @ 0x60ec3ba82240] t: 15.9       TARGET:-23 LUFS    M: -14.5 S: -14.5     I: -14.5 LUFS       LRA:   0.0 LU  FTPK: -10.7 dBFS  TPK: -10.2 dBFS
[Parsed_ebur128_0 @ 0x60ec3ba82240] t: 16         TARGET:-23 LUFS    M: -14.5 S: -14.5     I: -14.5 LUFS       LRA:   0.0 LU  FTPK: -10.6 dBFS  TPK: -10.2 dBFS
[Parsed_ebur128_0 @ 0x60ec3ba82240] t: 16.1       TARGET:-23 LUFS    M: -14.5 S: -14.5     I: -14.5 LUFS       LRA:   0.0 LU  FTPK: -10.5 dBFS  TPK: -10.2 dBFS
[Parsed_ebur128_0 @ 0x60ec3ba82240] t: 16.2       TARGET:-23 LUFS    M: -14.5 S: -14.5     I: -14.5 LUFS       LRA:   0.0 LU  FTPK: -10.7 dBFS  TPK: -10.2 dBFS
[Parsed_ebur128_0 @ 0x60ec3ba82240] t: 16.3       TARGET:-23 LUFS    M: -14.5 S: -14.5     I: -14.5 LUFS       LRA:   0.0 LU  FTPK: -10.6 dBFS  TPK: -10.2 dBFS
[Parsed_ebur128_0 @ 0x60ec3ba82240] t: 16.4       TARGET:-23 LUFS    M: -14.5 S: -14.5     I: -14.5 LUFS       LRA:   0.0 LU  FTPK: -10.6 dBFS  TPK: -10.2 dBFS
[Parsed_ebur128_0 @ 0x60ec3ba82240] t: 16.5       TARGET:-23 LUFS    M: -14.5 S: -14.5     I: -14.5 LUFS       LRA:   0.0 LU  FTPK: -10.6 dBFS  TPK: -10.2 dBFS
[Parsed_ebur128_0 @ 0x60ec3ba82240] t: 16.6       TARGET:-23 LUFS    M: -14.5 S: -14.5     I: -14.5 LUFS       LRA:   0.0 LU  FTPK: -10.6 dBFS  TPK: -10.2 dBFS
[Parsed_ebur128_0 @ 0x60ec3ba82240] t: 16.7       TARGET:-23 LUFS    M: -14.5 S: -14.5     I: -14.5 LUFS       LRA:   0.0 LU  FTPK: -10.7 dBFS  TPK: -10.2 dBFS
[Parsed_ebur128_0 @ 0x60ec3ba82240] t: 16.8       TARGET:-23 LUFS    M: -14.5 S: -14.5     I: -14.5 LUFS       LRA:   0.0 LU  FTPK: -10.5 dBFS  TPK: -10.2 dBFS
[Parsed_ebur128_0 @ 0x60ec3ba82240] t: 16.9       TARGET:-23 LUFS    M: -14.5 S: -14.5     I: -14.5 LUFS       LRA:   0.0 LU  FTPK: -10.5 dBFS  TPK: -10.2 dBFS
[Parsed_ebur128_0 @ 0x60ec3ba82240] t: 17         TARGET:-23 LUFS    M: -14.5 S: -14.5     I: -14.5 LUFS       LRA:   0.0 LU  FTPK: -10.5 dBFS  TPK: -10.2 dBFS
[Parsed_ebur128_0 @ 0x60ec3ba82240] t: 17.1       TARGET:-23 LUFS    M: -14.5 S: -14.5     I: -14.5 LUFS       LRA:   0.0 LU  FTPK: -10.6 dBFS  TPK: -10.2 dBFS
[Parsed_ebur128_0 @ 0x60ec3ba82240] t: 17.2       TARGET:-23 LUFS    M: -14.5 S: -14.5     I: -14.5 LUFS       LRA:   0.0 LU  FTPK: -10.5 dBFS  TPK: -10.2 dBFS
[Parsed_ebur128_0 @ 0x60ec3ba82240] t: 17.3       TARGET:-23 LUFS    M: -14.5 S: -14.5     I: -14.5 LUFS       LRA:   0.0 LU  FTPK: -10.5 dBFS  TPK: -10.2 dBFS
[Parsed_ebur128_0 @ 0x60ec3ba82240] t: 17.4       TARGET:-23 LUFS    M: -14.5 S: -14.5     I: -14.5 LUFS       LRA:   0.0 LU  FTPK: -10.5 dBFS  TPK: -10.2 dBFS
[Parsed_ebur128_0 @ 0x60ec3ba82240] t: 17.5       TARGET:-23 LUFS    M: -14.5 S: -14.5     I: -14.5 LUFS       LRA:   0.0 LU  FTPK: -10.6 dBFS  TPK: -10.2 dBFS
[Parsed_ebur128_0 @ 0x60ec3ba82240] t: 17.6       TARGET:-23 LUFS    M: -14.5 S: -14.5     I: -14.5 LUFS       LRA:   0.0 LU  FTPK: -10.6 dBFS  TPK: -10.2 dBFS
[Parsed_ebur128_0 @ 0x60ec3ba82240] t: 17.7       TARGET:-23 LUFS    M: -14.5 S: -14.5     I: -14.5 LUFS       LRA:   0.0 LU  FTPK: -10.5 dBFS  TPK: -10.2 dBFS
[Parsed_ebur128_0 @ 0x60ec3ba82240] t: 17.8       TARGET:-23 LUFS    M: -14.5 S: -14.5     I: -14.5 LUFS       LRA:   0.0 LU  FTPK: -10.5 dBFS  TPK: -10.2 dBFS
[Parsed_ebur128_0 @ 0x60ec3ba82240] t: 17.9       TARGET:-23 LUFS    M: -14.5 S: -14.5     I: -14.5 LUFS       LRA:   0.0 LU  FTPK: -10.6 dBFS  TPK: -10.2 dBFS
[Parsed_ebur128_0 @ 0x60ec3ba82240] t: 18         TARGET:-23 LUFS    M: -14.5 S: -14.5     I: -14.5 LUFS       LRA:   0.0 LU  FTPK: -10.6 dBFS  TPK: -10.2 dBFS
[Parsed_ebur128_0 @ 0x60ec3ba82240] t: 18.1       TARGET:-23 LUFS    M: -14.5 S: -14.5     I: -14.5 LUFS       LRA:   0.0 LU  FTPK: -10.6 dBFS  TPK: -10.2 dBFS
[Parsed_ebur128_0 @ 0x60ec3ba82240] t: 18.2       TARGET:-23 LUFS    M: -14.5 S: -14.5     I: -14.5 LUFS       LRA:   0.0 LU  FTPK: -10.5 dBFS  TPK: -10.2 dBFS
[Parsed_ebur128_0 @ 0x60ec3ba82240] t: 18.3       TARGET:-23 LUFS    M: -14.5 S: -14.5     I: -14.5 LUFS       LRA:   0.0 LU  FTPK: -10.6 dBFS  TPK: -10.2 dBFS
[Parsed_ebur128_0 @ 0x60ec3ba82240] t: 18.4       TARGET:-23 LUFS    M: -14.5 S: -14.5     I: -14.5 LUFS       LRA:   0.0 LU  FTPK: -10.5 dBFS  TPK: -10.2 dBFS
[Parsed_ebur128_0 @ 0x60ec3ba82240] t: 18.5       TARGET:-23 LUFS    M: -14.5 S: -14.5     I: -14.5 LUFS       LRA:   0.0 LU  FTPK: -10.5 dBFS  TPK: -10.2 dBFS
[Parsed_ebur128_0 @ 0x60ec3ba82240] t: 18.6       TARGET:-23 LUFS    M: -14.5 S: -14.5     I: -14.5 LUFS       LRA:   0.0 LU  FTPK: -10.5 dBFS  TPK: -10.2 dBFS
[Parsed_ebur128_0 @ 0x60ec3ba82240] t: 18.7       TARGET:-23 LUFS    M: -14.5 S: -14.5     I: -14.5 LUFS       LRA:   0.0 LU  FTPK: -10.6 dBFS  TPK: -10.2 dBFS
[Parsed_ebur128_0 @ 0x60ec3ba82240] t: 18.8       TARGET:-23 LUFS    M: -14.5 S: -14.5     I: -14.5 LUFS       LRA:   0.0 LU  FTPK: -10.6 dBFS  TPK: -10.2 dBFS
[Parsed_ebur128_0 @ 0x60ec3ba82240] t: 18.9       TARGET:-23 LUFS    M: -14.5 S: -14.5     I: -14.5 LUFS       LRA:   0.0 LU  FTPK: -10.5 dBFS  TPK: -10.2 dBFS
[Parsed_ebur128_0 @ 0x60ec3ba82240] t: 19         TARGET:-23 LUFS    M: -14.5 S: -14.5     I: -14.5 LUFS       LRA:   0.0 LU  FTPK: -10.6 dBFS  TPK: -10.2 dBFS
[Parsed_ebur128_0 @ 0x60ec3ba82240] t: 19.1       TARGET:-23 LUFS    M: -14.5 S: -14.5     I: -14.5 LUFS       LRA:   0.0 LU  FTPK: -10.7 dBFS  TPK: -10.2 dBFS
[Parsed_ebur128_0 @ 0x60ec3ba82240] t: 19.2       TARGET:-23 LUFS    M: -14.5 S: -14.5     I: -14.5 LUFS       LRA:   0.0 LU  FTPK: -10.5 dBFS  TPK: -10.2 dBFS
[Parsed_ebur128_0 @ 0x60ec3ba82240] t: 19.3       TARGET:-23 LUFS    M: -14.5 S: -14.5     I: -14.5 LUFS       LRA:   0.0 LU  FTPK: -10.5 dBFS  TPK: -10.2 dBFS
[Parsed_ebur128_0 @ 0x60ec3ba82240] t: 19.4       TARGET:-23 LUFS    M: -14.5 S: -14.5     I: -14.5 LUFS       LRA:   0.0 LU  FTPK: -10.5 dBFS  TPK: -10.2 dBFS
[Parsed_ebur128_0 @ 0x60ec3ba82240] t: 19.5       TARGET:-23 LUFS    M: -14.5 S: -14.5     I: -14.5 LUFS       LRA:   0.0 LU  FTPK: -10.6 dBFS  TPK: -10.2 dBFS
[Parsed_ebur128_0 @ 0x60ec3ba82240] t: 19.6       TARGET:-23 LUFS    M: -14.5 S: -14.5     I: -14.5 LUFS       LRA:   0.0 LU  FTPK: -10.5 dBFS  TPK: -10.2 dBFS
[Parsed_ebur128_0 @ 0x60ec3ba82240] t: 19.7       TARGET:-23 LUFS    M: -14.5 S: -14.5     I: -14.5 LUFS       LRA:   0.0 LU  FTPK: -10.5 dBFS  TPK: -10.2 dBFS
[Parsed_ebur128_0 @ 0x60ec3ba82240] t: 19.8       TARGET:-23 LUFS    M: -14.5 S: -14.5     I: -14.5 LUFS       LRA:   0.0 LU  FTPK: -10.5 dBFS  TPK: -10.2 dBFS
[Parsed_ebur128_0 @ 0x60ec3ba82240] t: 19.9       TARGET:-23 LUFS    M: -14.5 S: -14.5     I: -14.5 LUFS       LRA:   0.0 LU  FTPK: -10.6 dBFS  TPK: -10.2 dBFS
[Parsed_ebur128_0 @ 0x60ec3ba82240] t: 20         TARGET:-23 LUFS    M: -14.5 S: -14.5     I: -14.5 LUFS       LRA:   0.0 LU  FTPK: -10.5 dBFS  TPK: -10.2 dBFS
[Parsed_ebur128_0 @ 0x60ec3ba82240] t: 20.1       TARGET:-23 LUFS    M: -14.5 S: -14.5     I: -14.5 LUFS       LRA:   0.0 LU  FTPK: -10.5 dBFS  TPK: -10.2 dBFS
[Parsed_ebur128_0 @ 0x60ec3ba82240] t: 20.2       TARGET:-23 LUFS    M: -14.5 S: -14.5     I: -14.5 LUFS       LRA:   0.0 LU  FTPK: -10.5 dBFS  TPK: -10.2 dBFS
[Parsed_ebur128_0 @ 0x60ec3ba82240] t: 20.3       TARGET:-23 LUFS    M: -14.5 S: -14.5     I: -14.5 LUFS       LRA:   0.0 LU  FTPK: -10.6 dBFS  TPK: -10.2 dBFS
[Parsed_ebur128_0 @ 0x60ec3ba82240] t: 20.4       TARGET:-23 LUFS    M: -14.5 S: -14.5     I: -14.5 LUFS       LRA:   0.0 LU  FTPK: -10.5 dBFS  TPK: -10.2 dBFS
[Parsed_ebur128_0 @ 0x60ec3ba82240] t: 20.5       TARGET:-23 LUFS    M: -14.5 S: -14.5     I: -14.5 LUFS       LRA:   0.0 LU  FTPK: -10.5 dBFS  TPK: -10.2 dBFS
[Parsed_ebur128_0 @ 0x60ec3ba82240] t: 20.6       TARGET:-23 LUFS    M: -14.5 S: -14.5     I: -14.5 LUFS       LRA:   0.0 LU  FTPK: -10.5 dBFS  TPK: -10.2 dBFS
[Parsed_ebur128_0 @ 0x60ec3ba82240] t: 20.7       TARGET:-23 LUFS    M: -14.5 S: -14.5     I: -14.5 LUFS       LRA:   0.0 LU  FTPK: -10.6 dBFS  TPK: -10.2 dBFS
[Parsed_ebur128_0 @ 0x60ec3ba82240] t: 20.8       TARGET:-23 LUFS    M: -14.5 S: -14.5     I: -14.5 LUFS       LRA:   0.0 LU  FTPK: -10.5 dBFS  TPK: -10.2 dBFS
[Parsed_ebur128_0 @ 0x60ec3ba82240] t: 20.9       TARGET:-23 LUFS    M: -14.5 S: -14.5     I: -14.5 LUFS       LRA:   0.0 LU  FTPK: -10.5 dBFS  TPK: -10.2 dBFS
[Parsed_ebur128_0 @ 0x60ec3ba82240] t: 21         TARGET:-23 LUFS    M: -14.5 S: -14.5     I: -14.5 LUFS       LRA:   0.0 LU  FTPK: -10.5 dBFS  TPK: -10.2 dBFS
[Parsed_ebur128_0 @ 0x60ec3ba82240] t: 21.1       TARGET:-23 LUFS    M: -14.5 S: -14.5     I: -14.5 LUFS       LRA:   0.0 LU  FTPK: -10.6 dBFS  TPK: -10.2 dBFS
[Parsed_ebur128_0 @ 0x60ec3ba82240] t: 21.2       TARGET:-23 LUFS    M: -14.5 S: -14.5     I: -14.5 LUFS       LRA:   0.0 LU  FTPK: -10.6 dBFS  TPK: -10.2 dBFS
[Parsed_ebur128_0 @ 0x60ec3ba82240] t: 21.3       TARGET:-23 LUFS    M: -14.5 S: -14.5     I: -14.5 LUFS       LRA:   0.0 LU  FTPK: -10.5 dBFS  TPK: -10.2 dBFS
[Parsed_ebur128_0 @ 0x60ec3ba82240] t: 21.4       TARGET:-23 LUFS    M: -14.5 S: -14.5     I: -14.5 LUFS       LRA:   0.0 LU  FTPK: -10.5 dBFS  TPK: -10.2 dBFS
[Parsed_ebur128_0 @ 0x60ec3ba82240] t: 21.5       TARGET:-23 LUFS    M: -14.5 S: -14.5     I: -14.5 LUFS       LRA:   0.0 LU  FTPK: -10.6 dBFS  TPK: -10.2 dBFS
[Parsed_ebur128_0 @ 0x60ec3ba82240] t: 21.6       TARGET:-23 LUFS    M: -14.5 S: -14.5     I: -14.5 LUFS       LRA:   0.0 LU  FTPK: -10.5 dBFS  TPK: -10.2 dBFS
[Parsed_ebur128_0 @ 0x60ec3ba82240] t: 21.7       TARGET:-23 LUFS    M: -14.5 S: -14.5     I: -14.5 LUFS       LRA:   0.0 LU  FTPK: -10.5 dBFS  TPK: -10.2 dBFS
[Parsed_ebur128_0 @ 0x60ec3ba82240] t: 21.8       TARGET:-23 LUFS    M: -14.5 S: -14.5     I: -14.5 LUFS       LRA:   0.0 LU  FTPK: -10.5 dBFS  TPK: -10.2 dBFS
[Parsed_ebur128_0 @ 0x60ec3ba82240] t: 21.9       TARGET:-23 LUFS    M: -14.5 S: -14.5     I: -14.5 LUFS       LRA:   0.0 LU  FTPK: -10.6 dBFS  TPK: -10.2 dBFS
[Parsed_ebur128_0 @ 0x60ec3ba82240] t: 22         TARGET:-23 LUFS    M: -14.5 S: -14.5     I: -14.5 LUFS       LRA:   0.0 LU  FTPK: -10.6 dBFS  TPK: -10.2 dBFS
[Parsed_ebur128_0 @ 0x60ec3ba82240] t: 22.1       TARGET:-23 LUFS    M: -14.5 S: -14.5     I: -14.5 LUFS       LRA:   0.0 LU  FTPK: -10.6 dBFS  TPK: -10.2 dBFS
[Parsed_ebur128_0 @ 0x60ec3ba82240] t: 22.2       TARGET:-23 LUFS    M: -14.5 S: -14.5     I: -14.5 LUFS       LRA:   0.0 LU  FTPK: -10.5 dBFS  TPK: -10.2 dBFS
[Parsed_ebur128_0 @ 0x60ec3ba82240] t: 22.3       TARGET:-23 LUFS    M: -14.5 S: -14.5     I: -14.5 LUFS       LRA:   0.0 LU  FTPK: -10.6 dBFS  TPK: -10.2 dBFS
[Parsed_ebur128_0 @ 0x60ec3ba82240] t: 22.4       TARGET:-23 LUFS    M: -14.5 S: -14.5     I: -14.5 LUFS       LRA:   0.0 LU  FTPK: -10.5 dBFS  TPK: -10.2 dBFS
[Parsed_ebur128_0 @ 0x60ec3ba82240] t: 22.5       TARGET:-23 LUFS    M: -14.5 S: -14.5     I: -14.5 LUFS       LRA:   0.0 LU  FTPK: -10.5 dBFS  TPK: -10.2 dBFS
[Parsed_ebur128_0 @ 0x60ec3ba82240] t: 22.6       TARGET:-23 LUFS    M: -14.5 S: -14.5     I: -14.5 LUFS       LRA:   0.0 LU  FTPK: -10.5 dBFS  TPK: -10.2 dBFS
[Parsed_ebur128_0 @ 0x60ec3ba82240] t: 22.7       TARGET:-23 LUFS    M: -14.5 S: -14.5     I: -14.5 LUFS       LRA:   0.0 LU  FTPK: -10.6 dBFS  TPK: -10.2 dBFS
[Parsed_ebur128_0 @ 0x60ec3ba82240] t: 22.8       TARGET:-23 LUFS    M: -14.5 S: -14.5     I: -14.5 LUFS       LRA:   0.0 LU  FTPK: -10.6 dBFS  TPK: -10.2 dBFS
[Parsed_ebur128_0 @ 0x60ec3ba82240] t: 22.9       TARGET:-23 LUFS    M: -14.5 S: -14.5     I: -14.5 LUFS       LRA:   0.0 LU  FTPK: -10.6 dBFS  TPK: -10.2 dBFS
[Parsed_ebur128_0 @ 0x60ec3ba82240] t: 23         TARGET:-23 LUFS    M: -14.5 S: -14.5     I: -14.5 LUFS       LRA:   0.0 LU  FTPK: -10.6 dBFS  TPK: -10.2 dBFS
[Parsed_ebur128_0 @ 0x60ec3ba82240] t: 23.1       TARGET:-23 LUFS    M: -14.5 S: -14.5     I: -14.5 LUFS       LRA:   0.0 LU  FTPK: -10.6 dBFS  TPK: -10.2 dBFS
[Parsed_ebur128_0 @ 0x60ec3ba82240] t: 23.2       TARGET:-23 LUFS    M: -14.5 S: -14.5     I: -14.5 LUFS       LRA:   0.0 LU  FTPK: -10.5 dBFS  TPK: -10.2 dBFS
[Parsed_ebur128_0 @ 0x60ec3ba82240] t: 23.3       TARGET:-23 LUFS    M: -14.5 S: -14.5     I: -14.5 LUFS       LRA:   0.0 LU  FTPK: -10.5 dBFS  TPK: -10.2 dBFS
[Parsed_ebur128_0 @ 0x60ec3ba82240] t: 23.4       TARGET:-23 LUFS    M: -14.5 S: -14.5     I: -14.5 LUFS       LRA:   0.0 LU  FTPK: -10.5 dBFS  TPK: -10.2 dBFS
[Parsed_ebur128_0 @ 0x60ec3ba82240] t: 23.5       TARGET:-23 LUFS    M: -14.5 S: -14.5     I: -14.5 LUFS       LRA:   0.0 LU  FTPK: -10.6 dBFS  TPK: -10.2 dBFS
[Parsed_ebur128_0 @ 0x60ec3ba82240] t: 23.6       TARGET:-23 LUFS    M: -14.5 S: -14.5     I: -14.5 LUFS       LRA:   0.0 LU  FTPK: -10.6 dBFS  TPK: -10.2 dBFS
[Parsed_ebur128_0 @ 0x60ec3ba82240] t: 23.7       TARGET:-23 LUFS    M: -14.5 S: -14.5     I: -14.5 LUFS       LRA:   0.0 LU  FTPK: -10.6 dBFS  TPK: -10.2 dBFS
[Parsed_ebur128_0 @ 0x60ec3ba82240] t: 23.8       TARGET:-23 LUFS    M: -14.5 S: -14.5     I: -14.5 LUFS       LRA:   0.0 LU  FTPK: -10.6 dBFS  TPK: -10.2 dBFS
[Parsed_ebur128_0 @ 0x60ec3ba82240] t: 23.9       TARGET:-23 LUFS    M: -14.5 S: -14.5     I: -14.5 LUFS       LRA:   0.0 LU  FTPK: -10.6 dBFS  TPK: -10.2 dBFS
[Parsed_ebur128_0 @ 0x60ec3ba82240] t: 24         TARGET:-23 LUFS    M: -14.5 S: -14.5     I: -14.5 LUFS       LRA:   0.0 LU  FTPK: -10.5 dBFS  TPK: -10.2 dBFS
[Parsed_ebur128_0 @ 0x60ec3ba82240] t: 24.1       TARGET:-23 LUFS    M: -14.5 S: -14.5     I: -14.5 LUFS       LRA:   0.0 LU  FTPK: -10.5 dBFS  TPK: -10.2 dBFS
[Parsed_ebur128_0 @ 0x60ec3ba82240] t: 24.2       TARGET:-23 LUFS    M: -14.5 S: -14.5     I: -14.5 LUFS       LRA:   0.0 LU  FTPK: -10.5 dBFS  TPK: -10.2 dBFS
[Parsed_ebur128_0 @ 0x60ec3ba82240] t: 24.3       TARGET:-23 LUFS    M: -14.5 S: -14.5     I: -14.5 LUFS       LRA:   0.0 LU  FTPK: -10.6 dBFS  TPK: -10.2 dBFS
[Parsed_ebur128_0 @ 0x60ec3ba82240] t: 24.4       TARGET:-23 LUFS    M: -14.5 S: -14.5     I: -14.5 LUFS       LRA:   0.0 LU  FTPK: -10.6 dBFS  TPK: -10.2 dBFS
[Parsed_ebur128_0 @ 0x60ec3ba82240] t: 24.5       TARGET:-23 LUFS    M: -14.5 S: -14.5     I: -14.5 LUFS       LRA:   0.0 LU  FTPK: -10.6 dBFS  TPK: -10.2 dBFS
[Parsed_ebur128_0 @ 0x60ec3ba82240] t: 24.6       TARGET:-23 LUFS    M: -14.5 S: -14.5     I: -14.5 LUFS       LRA:   0.0 LU  FTPK: -10.6 dBFS  TPK: -10.2 dBFS
[Parsed_ebur128_0 @ 0x60ec3ba82240] t: 24.7       TARGET:-23 LUFS    M: -14.5 S: -14.5     I: -14.5 LUFS       LRA:   0.0 LU  FTPK: -10.6 dBFS  TPK: -10.2 dBFS
[Parsed_ebur128_0 @ 0x60ec3ba82240] t: 24.8       TARGET:-23 LUFS    M: -14.5 S: -14.5     I: -14.5 LUFS       LRA:   0.0 LU  FTPK: -10.5 dBFS  TPK: -10.2 dBFS
[Parsed_ebur128_0 @ 0x60ec3ba82240] t: 24.9       TARGET:-23 LUFS    M: -14.5 S: -14.5     I: -14.5 LUFS       LRA:   0.0 LU  FTPK: -10.6 dBFS  TPK: -10.2 dBFS
[Parsed_ebur128_0 @ 0x60ec3ba82240] t: 25         TARGET:-23 LUFS    M: -14.5 S: -14.5     I: -14.5 LUFS       LRA:   0.0 LU  FTPK: -10.5 dBFS  TPK: -10.2 dBFS
[out#0/null @ 0x60ec3ba5d5c0] video:176kB audio:4688kB subtitle:0kB other streams:0kB global headers:0kB muxing overhead: unknown
frame=  375 fps=182 q=-0.0 Lsize=N/A time=00:00:25.00 bitrate=N/A speed=12.2x    
[Parsed_ebur128_0 @ 0x60ec3ba82240] Summary:

  Integrated loudness:
    I:         -14.5 LUFS
    Threshold: -24.5 LUFS

  Loudness range:
    LRA:         0.0 LU
    Threshold: -34.5 LUFS
    LRA low:   -14.5 LUFS
    LRA high:  -14.5 LUFS

  True peak:
    Peak:      -10.2 dBFS

================================================================================
