================================================================================
[2026-07-27T15:47:35.454865+00:00] [AGENT: worker] [CWD: /home/pedrofelipealvesrocha/teamwork_projects/youtube_clipper] [EXIT: 0] [DURATION: 2334.69ms]
COMMAND: ffmpeg -y -f lavfi -i testsrc=duration=30:size=640x360:rate=30 -f lavfi -i flite=text=This original technical demonstration explains reliable video processing with speech transcription scene detection deterministic selection accurate subtitles audio normalization and vertical rendering. Every spoken word receives a timestamp so an independent verifier can prove synchronization selection boundaries frame rate loudness and artifact integrity. This final sentence provides enough continuous speech for a complete technical short. -af apad -c:v libx264 -c:a aac -pix_fmt yuv420p -t 30 runs/run_t2_golden/scratch/source_original_cc0.mp4
--- STDOUT ---

--- STDERR ---
ffmpeg version 6.1.1-3ubuntu5 Copyright (c) 2000-2023 the FFmpeg developers
  built with gcc 13 (Ubuntu 13.2.0-23ubuntu3)
  configuration: --prefix=/usr --extra-version=3ubuntu5 --toolchain=hardened --libdir=/usr/lib/x86_64-linux-gnu --incdir=/usr/include/x86_64-linux-gnu --arch=amd64 --enable-gpl --disable-stripping --disable-omx --enable-gnutls --enable-libaom --enable-libass --enable-libbs2b --enable-libcaca --enable-libcdio --enable-libcodec2 --enable-libdav1d --enable-libflite --enable-libfontconfig --enable-libfreetype --enable-libfribidi --enable-libglslang --enable-libgme --enable-libgsm --enable-libharfbuzz --enable-libmp3lame --enable-libmysofa --enable-libopenjpeg --enable-libopenmpt --enable-libopus --enable-librubberband --enable-libshine --enable-libsnappy --enable-libsoxr --enable-libspeex --enable-libtheora --enable-libtwolame --enable-libvidstab --enable-libvorbis --enable-libvpx --enable-libwebp --enable-libx265 --enable-libxml2 --enable-libxvid --enable-libzimg --enable-openal --enable-opencl --enable-opengl --disable-sndio --enable-libvpl --disable-libmfx --enable-libdc1394 --enable-libdrm --enable-libiec61883 --enable-chromaprint --enable-frei0r --enable-ladspa --enable-libbluray --enable-libjack --enable-libpulse --enable-librabbitmq --enable-librist --enable-libsrt --enable-libssh --enable-libsvtav1 --enable-libx264 --enable-libzmq --enable-libzvbi --enable-lv2 --enable-sdl2 --enable-libplacebo --enable-librav1e --enable-pocketsphinx --enable-librsvg --enable-libjxl --enable-shared
  libavutil      58. 29.100 / 58. 29.100
  libavcodec     60. 31.102 / 60. 31.102
  libavformat    60. 16.100 / 60. 16.100
  libavdevice    60.  3.100 / 60.  3.100
  libavfilter     9. 12.100 /  9. 12.100
  libswscale      7.  5.100 /  7.  5.100
  libswresample   4. 12.100 /  4. 12.100
  libpostproc    57.  3.100 / 57.  3.100
Input #0, lavfi, from 'testsrc=duration=30:size=640x360:rate=30':
  Duration: N/A, start: 0.000000, bitrate: N/A
  Stream #0:0: Video: wrapped_avframe, rgb24, 640x360 [SAR 1:1 DAR 16:9], 30 fps, 30 tbr, 30 tbn
Input #1, lavfi, from 'flite=text=This original technical demonstration explains reliable video processing with speech transcription scene detection deterministic selection accurate subtitles audio normalization and vertical rendering. Every spoken word receives a timestamp so an independent verifier can prove synchronization selection boundaries frame rate loudness and artifact integrity. This final sentence provides enough continuous speech for a complete technical short.':
  Duration: N/A, start: 0.000000, bitrate: 128 kb/s
  Stream #1:0: Audio: pcm_s16le, 8000 Hz, mono, s16, 128 kb/s
Stream mapping:
  Stream #0:0 -> #0:0 (wrapped_avframe (native) -> h264 (libx264))
  Stream #1:0 -> #0:1 (pcm_s16le (native) -> aac (native))
Press [q] to stop, [?] for help
[libx264 @ 0x5d6e75fc4680] using SAR=1/1
[libx264 @ 0x5d6e75fc4680] using cpu capabilities: MMX2 SSE2Fast SSSE3 SSE4.2 AVX FMA3 BMI2 AVX2
[libx264 @ 0x5d6e75fc4680] profile High, level 3.0, 4:2:0, 8-bit
[libx264 @ 0x5d6e75fc4680] 264 - core 164 r3108 31e19f9 - H.264/MPEG-4 AVC codec - Copyleft 2003-2023 - http://www.videolan.org/x264.html - options: cabac=1 ref=3 deblock=1:0:0 analyse=0x3:0x113 me=hex subme=7 psy=1 psy_rd=1.00:0.00 mixed_ref=1 me_range=16 chroma_me=1 trellis=1 8x8dct=1 cqm=0 deadzone=21,11 fast_pskip=1 chroma_qp_offset=-2 threads=11 lookahead_threads=1 sliced_threads=0 nr=0 decimate=1 interlaced=0 bluray_compat=0 constrained_intra=0 bframes=3 b_pyramid=2 b_adapt=1 b_bias=0 direct=1 weightb=1 open_gop=0 weightp=2 keyint=250 keyint_min=25 scenecut=40 intra_refresh=0 rc_lookahead=40 rc=crf mbtree=1 crf=23.0 qcomp=0.60 qpmin=0 qpmax=69 qpstep=4 ip_ratio=1.40 aq=1:1.00
[aac @ 0x5d6e75fc7ac0] Too many bits 8832.000000 > 6144 per frame requested, clamping to max
Output #0, mp4, to 'runs/run_t2_golden/scratch/source_original_cc0.mp4':
  Metadata:
    encoder         : Lavf60.16.100
  Stream #0:0: Video: h264 (avc1 / 0x31637661), yuv420p(tv, progressive), 640x360 [SAR 1:1 DAR 16:9], q=2-31, 30 fps, 15360 tbn
    Metadata:
      encoder         : Lavc60.31.102 libx264
    Side data:
      cpb: bitrate max/min/avg: 0/0/0 buffer size: 0 vbv_delay: N/A
  Stream #0:1: Audio: aac (LC) (mp4a / 0x6134706D), 8000 Hz, mono, fltp, 48 kb/s
    Metadata:
      encoder         : Lavc60.31.102 aac
frame=    0 fps=0.0 q=0.0 size=       0kB time=N/A bitrate=N/A speed=N/A    
frame=  139 fps=0.0 q=29.0 size=       0kB time=00:00:06.14 bitrate=   0.1kbits/s speed=  12x    
frame=  352 fps=347 q=29.0 size=       0kB time=00:00:13.18 bitrate=   0.0kbits/s speed=  13x    
frame=  569 fps=375 q=29.0 size=       0kB time=00:00:20.48 bitrate=   0.0kbits/s speed=13.5x    
[Parsed_flite_0 @ 0x5d6e75fb9f40] EOF timestamp not reliable
frame=  792 fps=393 q=29.0 size=     256kB time=00:00:28.54 bitrate=  73.5kbits/s speed=14.2x    
[out#0/mp4 @ 0x5d6e760248c0] video:176kB audio:136kB subtitle:0kB other streams:0kB global headers:0kB muxing overhead: 5.001723%
frame=  900 fps=413 q=-1.0 Lsize=     327kB time=00:00:29.95 bitrate=  89.5kbits/s speed=13.7x    
[libx264 @ 0x5d6e75fc4680] frame I:4     Avg QP:11.92  size:  5090
[libx264 @ 0x5d6e75fc4680] frame P:227   Avg QP:15.85  size:   514
[libx264 @ 0x5d6e75fc4680] frame B:669   Avg QP:15.64  size:    64
[libx264 @ 0x5d6e75fc4680] consecutive B-frames:  0.9%  0.0%  0.0% 99.1%
[libx264 @ 0x5d6e75fc4680] mb I  I16..4: 80.7%  5.6% 13.7%
[libx264 @ 0x5d6e75fc4680] mb P  I16..4:  1.8%  1.1%  0.7%  P16..4:  8.4%  1.1%  0.2%  0.0%  0.0%    skip:86.6%
[libx264 @ 0x5d6e75fc4680] mb B  I16..4:  0.2%  0.0%  0.0%  B16..8:  2.3%  0.0%  0.0%  direct: 0.0%  skip:97.5%  L0:47.9% L1:50.3% BI: 1.8%
[libx264 @ 0x5d6e75fc4680] 8x8 transform intra:20.7% inter:34.6%
[libx264 @ 0x5d6e75fc4680] coded y,uvDC,uvAC intra: 8.2% 38.6% 28.8% inter: 0.1% 0.7% 0.3%
[libx264 @ 0x5d6e75fc4680] i16 v,h,dc,p: 65% 23%  2% 10%
[libx264 @ 0x5d6e75fc4680] i8 v,h,dc,ddl,ddr,vr,hd,vl,hu: 27% 36% 36%  0%  0%  0%  0%  0%  0%
[libx264 @ 0x5d6e75fc4680] i4 v,h,dc,ddl,ddr,vr,hd,vl,hu: 30% 24% 45%  0%  0%  0%  0%  0%  0%
[libx264 @ 0x5d6e75fc4680] i8c dc,h,v,p: 33% 38% 22%  7%
[libx264 @ 0x5d6e75fc4680] Weighted P-Frames: Y:0.0% UV:0.0%
[libx264 @ 0x5d6e75fc4680] ref P L0: 76.2%  1.6% 18.1%  4.1%
[libx264 @ 0x5d6e75fc4680] ref B L0: 77.2% 20.2%  2.6%
[libx264 @ 0x5d6e75fc4680] ref B L1: 94.5%  5.5%
[libx264 @ 0x5d6e75fc4680] kb/s:47.91
[aac @ 0x5d6e75fc7ac0] Qavg: 62864.266

================================================================================
================================================================================
[2026-07-27T15:47:37.798953+00:00] [AGENT: worker] [CWD: /home/pedrofelipealvesrocha/teamwork_projects/youtube_clipper] [EXIT: 0] [DURATION: 76.07ms]
COMMAND: ffprobe -v error -show_format -show_streams -of json /home/pedrofelipealvesrocha/teamwork_projects/youtube_clipper/runs/run_t2_golden/artifacts/ingest/source.mp4
--- STDOUT ---
{
    "streams": [
        {
            "index": 0,
            "codec_name": "h264",
            "codec_long_name": "H.264 / AVC / MPEG-4 AVC / MPEG-4 part 10",
            "profile": "High",
            "codec_type": "video",
            "codec_tag_string": "avc1",
            "codec_tag": "0x31637661",
            "width": 640,
            "height": 360,
            "coded_width": 640,
            "coded_height": 360,
            "closed_captions": 0,
            "film_grain": 0,
            "has_b_frames": 2,
            "sample_aspect_ratio": "1:1",
            "display_aspect_ratio": "16:9",
            "pix_fmt": "yuv420p",
            "level": 30,
            "chroma_location": "left",
            "field_order": "progressive",
            "refs": 1,
            "is_avc": "true",
            "nal_length_size": "4",
            "id": "0x1",
            "r_frame_rate": "30/1",
            "avg_frame_rate": "30/1",
            "time_base": "1/15360",
            "start_pts": 0,
            "start_time": "0.000000",
            "duration_ts": 460800,
            "duration": "30.000000",
            "bit_rate": "48098",
            "bits_per_raw_sample": "8",
            "nb_frames": "900",
            "extradata_size": 47,
            "disposition": {
                "default": 1,
                "dub": 0,
                "original": 0,
                "comment": 0,
                "lyrics": 0,
                "karaoke": 0,
                "forced": 0,
                "hearing_impaired": 0,
                "visual_impaired": 0,
                "clean_effects": 0,
                "attached_pic": 0,
                "timed_thumbnails": 0,
                "non_diegetic": 0,
                "captions": 0,
                "descriptions": 0,
                "metadata": 0,
                "dependent": 0,
                "still_image": 0
            },
            "tags": {
                "language": "und",
                "handler_name": "VideoHandler",
                "vendor_id": "[0][0][0][0]",
                "encoder": "Lavc60.31.102 libx264"
            }
        },
        {
            "index": 1,
            "codec_name": "aac",
            "codec_long_name": "AAC (Advanced Audio Coding)",
            "profile": "LC",
            "codec_type": "audio",
            "codec_tag_string": "mp4a",
            "codec_tag": "0x6134706d",
            "sample_fmt": "fltp",
            "sample_rate": "8000",
            "channels": 1,
            "channel_layout": "mono",
            "bits_per_sample": 0,
            "initial_padding": 0,
            "id": "0x2",
            "r_frame_rate": "0/0",
            "avg_frame_rate": "0/0",
            "time_base": "1/8000",
            "start_pts": 0,
            "start_time": "0.000000",
            "duration_ts": 240000,
            "duration": "30.000000",
            "bit_rate": "36866",
            "nb_frames": "236",
            "extradata_size": 5,
            "disposition": {
                "default": 1,
                "dub": 0,
                "original": 0,
                "comment": 0,
                "lyrics": 0,
                "karaoke": 0,
                "forced": 0,
                "hearing_impaired": 0,
                "visual_impaired": 0,
                "clean_effects": 0,
                "attached_pic": 0,
                "timed_thumbnails": 0,
                "non_diegetic": 0,
                "captions": 0,
                "descriptions": 0,
                "metadata": 0,
                "dependent": 0,
                "still_image": 0
            },
            "tags": {
                "language": "und",
                "handler_name": "SoundHandler",
                "vendor_id": "[0][0][0][0]"
            }
        }
    ],
    "format": {
        "filename": "/home/pedrofelipealvesrocha/teamwork_projects/youtube_clipper/runs/run_t2_golden/artifacts/ingest/source.mp4",
        "nb_streams": 2,
        "nb_programs": 0,
        "format_name": "mov,mp4,m4a,3gp,3g2,mj2",
        "format_long_name": "QuickTime / MOV",
        "start_time": "0.000000",
        "duration": "30.000000",
        "size": "335176",
        "bit_rate": "89380",
        "probe_score": 100,
        "tags": {
            "major_brand": "isom",
            "minor_version": "512",
            "compatible_brands": "isomiso2avc1mp41",
            "encoder": "Lavf60.16.100"
        }
    }
}

--- STDERR ---

================================================================================
================================================================================
[2026-07-27T15:47:37.889788+00:00] [AGENT: worker] [CWD: /home/pedrofelipealvesrocha/teamwork_projects/youtube_clipper] [EXIT: 0] [DURATION: 92.9ms]
COMMAND: ffmpeg -y -nostdin -v error -i /home/pedrofelipealvesrocha/teamwork_projects/youtube_clipper/runs/run_t2_golden/artifacts/ingest/source.mp4 -vn -ac 1 -ar 16000 -c:a pcm_s16le /home/pedrofelipealvesrocha/teamwork_projects/youtube_clipper/runs/run_t2_golden/artifacts/transcribe/audio_16k.wav
--- STDOUT ---

--- STDERR ---

================================================================================
================================================================================
[2026-07-27T15:47:37.994876+00:00] [AGENT: worker] [CWD: /home/pedrofelipealvesrocha/teamwork_projects/youtube_clipper] [EXIT: 0] [DURATION: 3331.2ms]
COMMAND: /home/pedrofelipealvesrocha/teamwork_projects/youtube_clipper/.venv/bin/python -m cortes.whisper_worker --audio /home/pedrofelipealvesrocha/teamwork_projects/youtube_clipper/runs/run_t2_golden/artifacts/transcribe/audio_16k.wav --model small --device cuda --compute-type float16
--- STDOUT ---
{"schema_version": "1.0.0", "device_requested": "cuda", "device_used": "cuda", "compute_type": "float16", "model_size": "small", "language": "en", "language_probability": 0.9868, "duration": 30.08, "text": "This original technical demonstration explains reliable video processing with speech transcription, scene detection, deterministic selection, accurate subtitles, audio normalization and vertical rendering. Every spoken word receives a timestamp so an independent verifier can prove synchronization, selection boundaries, framerate loudness and artifact integrity. This final sentence provides enough continuous speech for a complete technical short.", "segments": [{"id": 0, "start": 0.0, "end": 11.72, "start_ms": 0, "end_ms": 11720, "text": "This original technical demonstration explains reliable video processing with speech transcription, scene detection, deterministic selection, accurate subtitles, audio normalization and vertical rendering.", "words": [{"word": " This", "start": 0.0, "end": 0.38, "start_ms": 0, "end_ms": 380, "probability": 0.9341}, {"word": " original", "start": 0.38, "end": 0.76, "start_ms": 380, "end_ms": 760, "probability": 0.9585}, {"word": " technical", "start": 0.76, "end": 1.3, "start_ms": 760, "end_ms": 1300, "probability": 0.9355}, {"word": " demonstration", "start": 1.3, "end": 2.2, "start_ms": 1300, "end_ms": 2200, "probability": 0.998}, {"word": " explains", "start": 2.2, "end": 2.66, "start_ms": 2200, "end_ms": 2660, "probability": 0.9966}, {"word": " reliable", "start": 2.66, "end": 3.28, "start_ms": 2660, "end_ms": 3280, "probability": 0.9873}, {"word": " video", "start": 3.28, "end": 3.74, "start_ms": 3280, "end_ms": 3740, "probability": 0.9878}, {"word": " processing", "start": 3.74, "end": 4.46, "start_ms": 3740, "end_ms": 4460, "probability": 0.9722}, {"word": " with", "start": 4.46, "end": 4.76, "start_ms": 4460, "end_ms": 4760, "probability": 0.9917}, {"word": " speech", "start": 4.76, "end": 5.06, "start_ms": 4760, "end_ms": 5060, "probability": 0.978}, {"word": " transcription,", "start": 5.06, "end": 5.78, "start_ms": 5060, "end_ms": 5780, "probability": 0.9458}, {"word": " scene", "start": 6.1, "end": 6.24, "start_ms": 6100, "end_ms": 6240, "probability": 0.9561}, {"word": " detection,", "start": 6.24, "end": 6.64, "start_ms": 6240, "end_ms": 6640, "probability": 0.9834}, {"word": " deterministic", "start": 6.88, "end": 7.48, "start_ms": 6880, "end_ms": 7480, "probability": 0.9946}, {"word": " selection,", "start": 7.48, "end": 8.1, "start_ms": 7480, "end_ms": 8100, "probability": 0.9858}, {"word": " accurate", "start": 8.26, "end": 8.48, "start_ms": 8260, "end_ms": 8480, "probability": 0.9702}, {"word": " subtitles,", "start": 8.48, "end": 8.96, "start_ms": 8480, "end_ms": 8960, "probability": 0.8975}, {"word": " audio", "start": 9.38, "end": 9.64, "start_ms": 9380, "end_ms": 9640, "probability": 0.9785}, {"word": " normalization", "start": 9.64, "end": 10.48, "start_ms": 9640, "end_ms": 10480, "probability": 0.9636}, {"word": " and", "start": 10.48, "end": 10.74, "start_ms": 10480, "end_ms": 10740, "probability": 0.6572}, {"word": " vertical", "start": 10.74, "end": 11.22, "start_ms": 10740, "end_ms": 11220, "probability": 0.998}, {"word": " rendering.", "start": 11.22, "end": 11.72, "start_ms": 11220, "end_ms": 11720, "probability": 0.999}]}, {"id": 1, "start": 12.04, "end": 20.92, "start_ms": 12040, "end_ms": 20920, "text": "Every spoken word receives a timestamp so an independent verifier can prove synchronization, selection boundaries, framerate loudness and artifact integrity.", "words": [{"word": " Every", "start": 12.04, "end": 12.26, "start_ms": 12040, "end_ms": 12260, "probability": 0.9268}, {"word": " spoken", "start": 12.26, "end": 12.78, "start_ms": 12260, "end_ms": 12780, "probability": 0.9893}, {"word": " word", "start": 12.78, "end": 13.06, "start_ms": 12780, "end_ms": 13060, "probability": 0.7686}, {"word": " receives", "start": 13.06, "end": 13.44, "start_ms": 13060, "end_ms": 13440, "probability": 0.9424}, {"word": " a", "start": 13.44, "end": 13.68, "start_ms": 13440, "end_ms": 13680, "probability": 0.9961}, {"word": " timestamp", "start": 13.68, "end": 14.24, "start_ms": 13680, "end_ms": 14240, "probability": 0.9045}, {"word": " so", "start": 14.24, "end": 14.5, "start_ms": 14240, "end_ms": 14500, "probability": 0.7134}, {"word": " an", "start": 14.5, "end": 14.68, "start_ms": 14500, "end_ms": 14680, "probability": 0.9922}, {"word": " independent", "start": 14.68, "end": 15.12, "start_ms": 14680, "end_ms": 15120, "probability": 0.9917}, {"word": " verifier", "start": 15.12, "end": 15.8, "start_ms": 15120, "end_ms": 15800, "probability": 0.9585}, {"word": " can", "start": 15.8, "end": 16.14, "start_ms": 15800, "end_ms": 16140, "probability": 0.9985}, {"word": " prove", "start": 16.14, "end": 16.4, "start_ms": 16140, "end_ms": 16400, "probability": 0.7471}, {"word": " synchronization,", "start": 16.4, "end": 17.34, "start_ms": 16400, "end_ms": 17340, "probability": 0.9834}, {"word": " selection", "start": 17.5, "end": 17.9, "start_ms": 17500, "end_ms": 17900, "probability": 0.9883}, {"word": " boundaries,", "start": 17.9, "end": 18.46, "start_ms": 17900, "end_ms": 18460, "probability": 0.9878}, {"word": " framerate", "start": 18.7, "end": 19.08, "start_ms": 18700, "end_ms": 19080, "probability": 0.8351}, {"word": " loudness", "start": 19.08, "end": 19.54, "start_ms": 19080, "end_ms": 19540, "probability": 0.8831}, {"word": " and", "start": 19.54, "end": 19.74, "start_ms": 19540, "end_ms": 19740, "probability": 0.8623}, {"word": " artifact", "start": 19.74, "end": 20.14, "start_ms": 19740, "end_ms": 20140, "probability": 0.981}, {"word": " integrity.", "start": 20.14, "end": 20.92, "start_ms": 20140, "end_ms": 20920, "probability": 0.9985}]}, {"id": 2, "start": 21.34, "end": 26.12, "start_ms": 21340, "end_ms": 26120, "text": "This final sentence provides enough continuous speech for a complete technical short.", "words": [{"word": " This", "start": 21.34, "end": 21.54, "start_ms": 21340, "end_ms": 21540, "probability": 0.9941}, {"word": " final", "start": 21.54, "end": 21.92, "start_ms": 21540, "end_ms": 21920, "probability": 0.999}, {"word": " sentence", "start": 21.92, "end": 22.34, "start_ms": 21920, "end_ms": 22340, "probability": 0.9961}, {"word": " provides", "start": 22.34, "end": 22.88, "start_ms": 22340, "end_ms": 22880, "probability": 0.9849}, {"word": " enough", "start": 22.88, "end": 23.2, "start_ms": 22880, "end_ms": 23200, "probability": 0.9238}, {"word": " continuous", "start": 23.2, "end": 23.72, "start_ms": 23200, "end_ms": 23720, "probability": 0.9932}, {"word": " speech", "start": 23.72, "end": 24.32, "start_ms": 23720, "end_ms": 24320, "probability": 0.9951}, {"word": " for", "start": 24.32, "end": 24.62, "start_ms": 24320, "end_ms": 24620, "probability": 0.9971}, {"word": " a", "start": 24.62, "end": 24.78, "start_ms": 24620, "end_ms": 24780, "probability": 0.9951}, {"word": " complete", "start": 24.78, "end": 25.08, "start_ms": 24780, "end_ms": 25080, "probability": 0.9932}, {"word": " technical", "start": 25.08, "end": 25.66, "start_ms": 25080, "end_ms": 25660, "probability": 0.9966}, {"word": " short.", "start": 25.66, "end": 26.12, "start_ms": 25660, "end_ms": 26120, "probability": 0.9473}]}], "words": [{"word": " This", "start": 0.0, "end": 0.38, "start_ms": 0, "end_ms": 380, "probability": 0.9341}, {"word": " original", "start": 0.38, "end": 0.76, "start_ms": 380, "end_ms": 760, "probability": 0.9585}, {"word": " technical", "start": 0.76, "end": 1.3, "start_ms": 760, "end_ms": 1300, "probability": 0.9355}, {"word": " demonstration", "start": 1.3, "end": 2.2, "start_ms": 1300, "end_ms": 2200, "probability": 0.998}, {"word": " explains", "start": 2.2, "end": 2.66, "start_ms": 2200, "end_ms": 2660, "probability": 0.9966}, {"word": " reliable", "start": 2.66, "end": 3.28, "start_ms": 2660, "end_ms": 3280, "probability": 0.9873}, {"word": " video", "start": 3.28, "end": 3.74, "start_ms": 3280, "end_ms": 3740, "probability": 0.9878}, {"word": " processing", "start": 3.74, "end": 4.46, "start_ms": 3740, "end_ms": 4460, "probability": 0.9722}, {"word": " with", "start": 4.46, "end": 4.76, "start_ms": 4460, "end_ms": 4760, "probability": 0.9917}, {"word": " speech", "start": 4.76, "end": 5.06, "start_ms": 4760, "end_ms": 5060, "probability": 0.978}, {"word": " transcription,", "start": 5.06, "end": 5.78, "start_ms": 5060, "end_ms": 5780, "probability": 0.9458}, {"word": " scene", "start": 6.1, "end": 6.24, "start_ms": 6100, "end_ms": 6240, "probability": 0.9561}, {"word": " detection,", "start": 6.24, "end": 6.64, "start_ms": 6240, "end_ms": 6640, "probability": 0.9834}, {"word": " deterministic", "start": 6.88, "end": 7.48, "start_ms": 6880, "end_ms": 7480, "probability": 0.9946}, {"word": " selection,", "start": 7.48, "end": 8.1, "start_ms": 7480, "end_ms": 8100, "probability": 0.9858}, {"word": " accurate", "start": 8.26, "end": 8.48, "start_ms": 8260, "end_ms": 8480, "probability": 0.9702}, {"word": " subtitles,", "start": 8.48, "end": 8.96, "start_ms": 8480, "end_ms": 8960, "probability": 0.8975}, {"word": " audio", "start": 9.38, "end": 9.64, "start_ms": 9380, "end_ms": 9640, "probability": 0.9785}, {"word": " normalization", "start": 9.64, "end": 10.48, "start_ms": 9640, "end_ms": 10480, "probability": 0.9636}, {"word": " and", "start": 10.48, "end": 10.74, "start_ms": 10480, "end_ms": 10740, "probability": 0.6572}, {"word": " vertical", "start": 10.74, "end": 11.22, "start_ms": 10740, "end_ms": 11220, "probability": 0.998}, {"word": " rendering.", "start": 11.22, "end": 11.72, "start_ms": 11220, "end_ms": 11720, "probability": 0.999}, {"word": " Every", "start": 12.04, "end": 12.26, "start_ms": 12040, "end_ms": 12260, "probability": 0.9268}, {"word": " spoken", "start": 12.26, "end": 12.78, "start_ms": 12260, "end_ms": 12780, "probability": 0.9893}, {"word": " word", "start": 12.78, "end": 13.06, "start_ms": 12780, "end_ms": 13060, "probability": 0.7686}, {"word": " receives", "start": 13.06, "end": 13.44, "start_ms": 13060, "end_ms": 13440, "probability": 0.9424}, {"word": " a", "start": 13.44, "end": 13.68, "start_ms": 13440, "end_ms": 13680, "probability": 0.9961}, {"word": " timestamp", "start": 13.68, "end": 14.24, "start_ms": 13680, "end_ms": 14240, "probability": 0.9045}, {"word": " so", "start": 14.24, "end": 14.5, "start_ms": 14240, "end_ms": 14500, "probability": 0.7134}, {"word": " an", "start": 14.5, "end": 14.68, "start_ms": 14500, "end_ms": 14680, "probability": 0.9922}, {"word": " independent", "start": 14.68, "end": 15.12, "start_ms": 14680, "end_ms": 15120, "probability": 0.9917}, {"word": " verifier", "start": 15.12, "end": 15.8, "start_ms": 15120, "end_ms": 15800, "probability": 0.9585}, {"word": " can", "start": 15.8, "end": 16.14, "start_ms": 15800, "end_ms": 16140, "probability": 0.9985}, {"word": " prove", "start": 16.14, "end": 16.4, "start_ms": 16140, "end_ms": 16400, "probability": 0.7471}, {"word": " synchronization,", "start": 16.4, "end": 17.34, "start_ms": 16400, "end_ms": 17340, "probability": 0.9834}, {"word": " selection", "start": 17.5, "end": 17.9, "start_ms": 17500, "end_ms": 17900, "probability": 0.9883}, {"word": " boundaries,", "start": 17.9, "end": 18.46, "start_ms": 17900, "end_ms": 18460, "probability": 0.9878}, {"word": " framerate", "start": 18.7, "end": 19.08, "start_ms": 18700, "end_ms": 19080, "probability": 0.8351}, {"word": " loudness", "start": 19.08, "end": 19.54, "start_ms": 19080, "end_ms": 19540, "probability": 0.8831}, {"word": " and", "start": 19.54, "end": 19.74, "start_ms": 19540, "end_ms": 19740, "probability": 0.8623}, {"word": " artifact", "start": 19.74, "end": 20.14, "start_ms": 19740, "end_ms": 20140, "probability": 0.981}, {"word": " integrity.", "start": 20.14, "end": 20.92, "start_ms": 20140, "end_ms": 20920, "probability": 0.9985}, {"word": " This", "start": 21.34, "end": 21.54, "start_ms": 21340, "end_ms": 21540, "probability": 0.9941}, {"word": " final", "start": 21.54, "end": 21.92, "start_ms": 21540, "end_ms": 21920, "probability": 0.999}, {"word": " sentence", "start": 21.92, "end": 22.34, "start_ms": 21920, "end_ms": 22340, "probability": 0.9961}, {"word": " provides", "start": 22.34, "end": 22.88, "start_ms": 22340, "end_ms": 22880, "probability": 0.9849}, {"word": " enough", "start": 22.88, "end": 23.2, "start_ms": 22880, "end_ms": 23200, "probability": 0.9238}, {"word": " continuous", "start": 23.2, "end": 23.72, "start_ms": 23200, "end_ms": 23720, "probability": 0.9932}, {"word": " speech", "start": 23.72, "end": 24.32, "start_ms": 23720, "end_ms": 24320, "probability": 0.9951}, {"word": " for", "start": 24.32, "end": 24.62, "start_ms": 24320, "end_ms": 24620, "probability": 0.9971}, {"word": " a", "start": 24.62, "end": 24.78, "start_ms": 24620, "end_ms": 24780, "probability": 0.9951}, {"word": " complete", "start": 24.78, "end": 25.08, "start_ms": 24780, "end_ms": 25080, "probability": 0.9932}, {"word": " technical", "start": 25.08, "end": 25.66, "start_ms": 25080, "end_ms": 25660, "probability": 0.9966}, {"word": " short.", "start": 25.66, "end": 26.12, "start_ms": 25660, "end_ms": 26120, "probability": 0.9473}]}

--- STDERR ---

================================================================================
================================================================================
[2026-07-27T15:47:41.344657+00:00] [AGENT: worker] [CWD: /home/pedrofelipealvesrocha/teamwork_projects/youtube_clipper] [EXIT: 0] [DURATION: 1204.25ms]
COMMAND: /home/pedrofelipealvesrocha/teamwork_projects/youtube_clipper/.venv/bin/scenedetect -i /home/pedrofelipealvesrocha/teamwork_projects/youtube_clipper/runs/run_t2_golden/artifacts/ingest/source.mp4 -o /home/pedrofelipealvesrocha/teamwork_projects/youtube_clipper/runs/run_t2_golden/artifacts/scenes detect-content -t 27.0 -m 0.6s list-scenes
--- STDOUT ---
[PySceneDetect] PySceneDetect 0.7.1
[PySceneDetect] Detecting scenes...
[PySceneDetect] Processed 900 frames in 0.6 seconds (average 1395.46 FPS).
[PySceneDetect] Detected 1 scenes, average shot length 30.0 seconds.
[PySceneDetect] Writing scene list to CSV file:
  /home/pedrofelipealvesrocha/teamwork_projects/youtube_clipper/runs/run_t2_golden/artifacts/scenes/source-Scenes.csv
[PySceneDetect] Scene List:
-----------------------------------------------------------------------
 | Scene # | Start Frame |  Start Time  |  End Frame  |   End Time   |
-----------------------------------------------------------------------
 |      1  |           1 | 00:00:00.000 |         900 | 00:00:30.000 |
-----------------------------------------------------------------------

--- STDERR ---

  Detected: 0 | Progress:   0%|          | 0/900 [00:00<?, ?frames/s]
                                                                     

  Detected: 0 | Progress:   0%|          | 0/900 [00:00<?, ?frames/s]
  Detected: 0 | Progress:  13%|█▎        | 116/900 [00:00<00:00, 1157.87frames/s]
  Detected: 0 | Progress:  29%|██▉       | 265/900 [00:00<00:00, 1349.91frames/s]
  Detected: 0 | Progress:  46%|████▌     | 412/900 [00:00<00:00, 1401.51frames/s]
  Detected: 0 | Progress:  62%|██████▏   | 556/900 [00:00<00:00, 1415.52frames/s]
  Detected: 0 | Progress:  78%|███████▊  | 699/900 [00:00<00:00, 1420.07frames/s]
  Detected: 0 | Progress:  94%|█████████▎| 843/900 [00:00<00:00, 1426.79frames/s]
  Detected: 0 | Progress: 100%|██████████| 900/900 [00:00<00:00, 1426.79frames/s]
  Detected: 0 | Progress: 100%|██████████| 900/900 [00:00<00:00, 1405.47frames/s]

================================================================================
================================================================================
[2026-07-27T15:47:42.554171+00:00] [AGENT: worker] [CWD: /home/pedrofelipealvesrocha/teamwork_projects/youtube_clipper] [EXIT: 0] [DURATION: 73.57ms]
COMMAND: ffprobe -v error -show_entries format=duration -of json /home/pedrofelipealvesrocha/teamwork_projects/youtube_clipper/runs/run_t2_golden/artifacts/ingest/source.mp4
--- STDOUT ---
{
    "format": {
        "duration": "30.000000"
    }
}

--- STDERR ---

================================================================================
================================================================================
[2026-07-27T15:47:42.645038+00:00] [AGENT: worker] [CWD: /home/pedrofelipealvesrocha/teamwork_projects/youtube_clipper] [EXIT: 0] [DURATION: 74.33ms]
COMMAND: ffprobe -v error -show_entries format=duration -of default=noprint_wrappers=1:nokey=1 /home/pedrofelipealvesrocha/teamwork_projects/youtube_clipper/runs/run_t2_golden/artifacts/ingest/source.mp4
--- STDOUT ---
30.000000

--- STDERR ---

================================================================================
================================================================================
[2026-07-27T15:47:42.724749+00:00] [AGENT: worker] [CWD: /home/pedrofelipealvesrocha/teamwork_projects/youtube_clipper] [EXIT: 0] [DURATION: 86.97ms]
COMMAND: ffmpeg -y -ss 0.0 -i /home/pedrofelipealvesrocha/teamwork_projects/youtube_clipper/runs/run_t2_golden/artifacts/ingest/source.mp4 -t 26.12 -c copy -avoid_negative_ts make_zero runs/run_t2_golden/artifacts/cut/clip.mp4
--- STDOUT ---

--- STDERR ---
ffmpeg version 6.1.1-3ubuntu5 Copyright (c) 2000-2023 the FFmpeg developers
  built with gcc 13 (Ubuntu 13.2.0-23ubuntu3)
  configuration: --prefix=/usr --extra-version=3ubuntu5 --toolchain=hardened --libdir=/usr/lib/x86_64-linux-gnu --incdir=/usr/include/x86_64-linux-gnu --arch=amd64 --enable-gpl --disable-stripping --disable-omx --enable-gnutls --enable-libaom --enable-libass --enable-libbs2b --enable-libcaca --enable-libcdio --enable-libcodec2 --enable-libdav1d --enable-libflite --enable-libfontconfig --enable-libfreetype --enable-libfribidi --enable-libglslang --enable-libgme --enable-libgsm --enable-libharfbuzz --enable-libmp3lame --enable-libmysofa --enable-libopenjpeg --enable-libopenmpt --enable-libopus --enable-librubberband --enable-libshine --enable-libsnappy --enable-libsoxr --enable-libspeex --enable-libtheora --enable-libtwolame --enable-libvidstab --enable-libvorbis --enable-libvpx --enable-libwebp --enable-libx265 --enable-libxml2 --enable-libxvid --enable-libzimg --enable-openal --enable-opencl --enable-opengl --disable-sndio --enable-libvpl --disable-libmfx --enable-libdc1394 --enable-libdrm --enable-libiec61883 --enable-chromaprint --enable-frei0r --enable-ladspa --enable-libbluray --enable-libjack --enable-libpulse --enable-librabbitmq --enable-librist --enable-libsrt --enable-libssh --enable-libsvtav1 --enable-libx264 --enable-libzmq --enable-libzvbi --enable-lv2 --enable-sdl2 --enable-libplacebo --enable-librav1e --enable-pocketsphinx --enable-librsvg --enable-libjxl --enable-shared
  libavutil      58. 29.100 / 58. 29.100
  libavcodec     60. 31.102 / 60. 31.102
  libavformat    60. 16.100 / 60. 16.100
  libavdevice    60.  3.100 / 60.  3.100
  libavfilter     9. 12.100 /  9. 12.100
  libswscale      7.  5.100 /  7.  5.100
  libswresample   4. 12.100 /  4. 12.100
  libpostproc    57.  3.100 / 57.  3.100
Input #0, mov,mp4,m4a,3gp,3g2,mj2, from '/home/pedrofelipealvesrocha/teamwork_projects/youtube_clipper/runs/run_t2_golden/artifacts/ingest/source.mp4':
  Metadata:
    major_brand     : isom
    minor_version   : 512
    compatible_brands: isomiso2avc1mp41
    encoder         : Lavf60.16.100
  Duration: 00:00:30.00, start: 0.000000, bitrate: 89 kb/s
  Stream #0:0[0x1](und): Video: h264 (High) (avc1 / 0x31637661), yuv420p(progressive), 640x360 [SAR 1:1 DAR 16:9], 48 kb/s, 30 fps, 30 tbr, 15360 tbn (default)
    Metadata:
      handler_name    : VideoHandler
      vendor_id       : [0][0][0][0]
      encoder         : Lavc60.31.102 libx264
  Stream #0:1[0x2](und): Audio: aac (LC) (mp4a / 0x6134706D), 8000 Hz, mono, fltp, 36 kb/s (default)
    Metadata:
      handler_name    : SoundHandler
      vendor_id       : [0][0][0][0]
Output #0, mp4, to 'runs/run_t2_golden/artifacts/cut/clip.mp4':
  Metadata:
    major_brand     : isom
    minor_version   : 512
    compatible_brands: isomiso2avc1mp41
    encoder         : Lavf60.16.100
  Stream #0:0(und): Video: h264 (High) (avc1 / 0x31637661), yuv420p(progressive), 640x360 [SAR 1:1 DAR 16:9], q=2-31, 48 kb/s, 30 fps, 30 tbr, 15360 tbn (default)
    Metadata:
      handler_name    : VideoHandler
      vendor_id       : [0][0][0][0]
      encoder         : Lavc60.31.102 libx264
  Stream #0:1(und): Audio: aac (LC) (mp4a / 0x6134706D), 8000 Hz, mono, fltp, 36 kb/s (default)
    Metadata:
      handler_name    : SoundHandler
      vendor_id       : [0][0][0][0]
Stream mapping:
  Stream #0:0 -> #0:0 (copy)
  Stream #0:1 -> #0:1 (copy)
Press [q] to stop, [?] for help
size=       0kB time=-00:00:00.12 bitrate=  -0.0kbits/s speed=N/A    
[out#0/mp4 @ 0x5d2de572dc80] video:157kB audio:135kB subtitle:0kB other streams:0kB global headers:0kB muxing overhead: 4.730294%
size=     305kB time=00:00:26.11 bitrate=  95.7kbits/s speed=2.25e+03x    

================================================================================
================================================================================
[2026-07-27T15:47:42.817623+00:00] [AGENT: worker] [CWD: /home/pedrofelipealvesrocha/teamwork_projects/youtube_clipper] [EXIT: 0] [DURATION: 72.44ms]
COMMAND: ffprobe -v error -show_entries format=duration -of default=noprint_wrappers=1:nokey=1 runs/run_t2_golden/artifacts/cut/clip.mp4
--- STDOUT ---
26.368000

--- STDERR ---

================================================================================
================================================================================
[2026-07-27T15:47:42.922557+00:00] [AGENT: worker] [CWD: /home/pedrofelipealvesrocha/teamwork_projects/youtube_clipper] [EXIT: 0] [DURATION: 896.32ms]
COMMAND: ffmpeg -y -nostdin -hide_banner -i /home/pedrofelipealvesrocha/teamwork_projects/youtube_clipper/runs/run_t2_golden/artifacts/cut/clip.mp4 -af loudnorm=I=-14.0:LRA=11.0:TP=-0.1:print_format=json -f null -
--- STDOUT ---

--- STDERR ---
Input #0, mov,mp4,m4a,3gp,3g2,mj2, from '/home/pedrofelipealvesrocha/teamwork_projects/youtube_clipper/runs/run_t2_golden/artifacts/cut/clip.mp4':
  Metadata:
    major_brand     : isom
    minor_version   : 512
    compatible_brands: isomiso2avc1mp41
    encoder         : Lavf60.16.100
  Duration: 00:00:26.37, start: 0.000000, bitrate: 94 kb/s
  Stream #0:0[0x1](und): Video: h264 (High) (avc1 / 0x31637661), yuv420p(progressive), 640x360 [SAR 1:1 DAR 16:9], 48 kb/s, 30 fps, 30 tbr, 15360 tbn (default)
    Metadata:
      handler_name    : VideoHandler
      vendor_id       : [0][0][0][0]
      encoder         : Lavc60.31.102 libx264
  Stream #0:1[0x2](und): Audio: aac (LC) (mp4a / 0x6134706D), 8000 Hz, mono, fltp, 41 kb/s (default)
    Metadata:
      handler_name    : SoundHandler
      vendor_id       : [0][0][0][0]
Stream mapping:
  Stream #0:0 -> #0:0 (h264 (native) -> wrapped_avframe (native))
  Stream #0:1 -> #0:1 (aac (native) -> pcm_s16le (native))
Output #0, null, to 'pipe:':
  Metadata:
    major_brand     : isom
    minor_version   : 512
    compatible_brands: isomiso2avc1mp41
    encoder         : Lavf60.16.100
  Stream #0:0(und): Video: wrapped_avframe, yuv420p(progressive), 640x360 [SAR 1:1 DAR 16:9], q=2-31, 200 kb/s, 30 fps, 30 tbn (default)
    Metadata:
      handler_name    : VideoHandler
      vendor_id       : [0][0][0][0]
      encoder         : Lavc60.31.102 wrapped_avframe
  Stream #0:1(und): Audio: pcm_s16le, 192000 Hz, mono, s16, 3072 kb/s (default)
    Metadata:
      handler_name    : SoundHandler
      vendor_id       : [0][0][0][0]
      encoder         : Lavc60.31.102 pcm_s16le
frame=   75 fps=0.0 q=-0.0 size=N/A time=00:00:02.66 bitrate=N/A speed=42.8x    
frame=  572 fps=0.0 q=-0.0 size=N/A time=00:00:19.20 bitrate=N/A speed=34.1x    
[out#0/null @ 0x6448c148ce80] video:368kB audio:9888kB subtitle:0kB other streams:0kB global headers:0kB muxing overhead: unknown
frame=  786 fps=0.0 q=-0.0 Lsize=N/A time=00:00:26.33 bitrate=N/A speed=32.7x    
[Parsed_loudnorm_0 @ 0x6448c153a680] 
{
	"input_i" : "-21.40",
	"input_tp" : "-0.85",
	"input_lra" : "2.10",
	"input_thresh" : "-31.40",
	"output_i" : "-15.84",
	"output_tp" : "-0.10",
	"output_lra" : "1.20",
	"output_thresh" : "-25.84",
	"normalization_type" : "dynamic",
	"target_offset" : "1.84"
}

================================================================================
================================================================================
[2026-07-27T15:47:43.827652+00:00] [AGENT: worker] [CWD: /home/pedrofelipealvesrocha/teamwork_projects/youtube_clipper] [EXIT: 0] [DURATION: 2436.57ms]
COMMAND: ffmpeg -y -nostdin -hide_banner -i /home/pedrofelipealvesrocha/teamwork_projects/youtube_clipper/runs/run_t2_golden/artifacts/cut/clip.mp4 -af loudnorm=I=-14.0:LRA=11.0:TP=-0.1:measured_I=-21.40:measured_LRA=2.10:measured_TP=-0.85:measured_thresh=-31.40:offset=1.84:linear=true -c:v copy -c:a aac -b:a 192k /home/pedrofelipealvesrocha/teamwork_projects/youtube_clipper/runs/run_t2_golden/artifacts/audio/audio_normalized.mp4
--- STDOUT ---

--- STDERR ---
Input #0, mov,mp4,m4a,3gp,3g2,mj2, from '/home/pedrofelipealvesrocha/teamwork_projects/youtube_clipper/runs/run_t2_golden/artifacts/cut/clip.mp4':
  Metadata:
    major_brand     : isom
    minor_version   : 512
    compatible_brands: isomiso2avc1mp41
    encoder         : Lavf60.16.100
  Duration: 00:00:26.37, start: 0.000000, bitrate: 94 kb/s
  Stream #0:0[0x1](und): Video: h264 (High) (avc1 / 0x31637661), yuv420p(progressive), 640x360 [SAR 1:1 DAR 16:9], 48 kb/s, 30 fps, 30 tbr, 15360 tbn (default)
    Metadata:
      handler_name    : VideoHandler
      vendor_id       : [0][0][0][0]
      encoder         : Lavc60.31.102 libx264
  Stream #0:1[0x2](und): Audio: aac (LC) (mp4a / 0x6134706D), 8000 Hz, mono, fltp, 41 kb/s (default)
    Metadata:
      handler_name    : SoundHandler
      vendor_id       : [0][0][0][0]
Stream mapping:
  Stream #0:0 -> #0:0 (copy)
  Stream #0:1 -> #0:1 (aac (native) -> aac (native))
Output #0, mp4, to '/home/pedrofelipealvesrocha/teamwork_projects/youtube_clipper/runs/run_t2_golden/artifacts/audio/audio_normalized.mp4':
  Metadata:
    major_brand     : isom
    minor_version   : 512
    compatible_brands: isomiso2avc1mp41
    encoder         : Lavf60.16.100
  Stream #0:0(und): Video: h264 (High) (avc1 / 0x31637661), yuv420p(progressive), 640x360 [SAR 1:1 DAR 16:9], q=2-31, 48 kb/s, 30 fps, 30 tbr, 15360 tbn (default)
    Metadata:
      handler_name    : VideoHandler
      vendor_id       : [0][0][0][0]
      encoder         : Lavc60.31.102 libx264
  Stream #0:1(und): Audio: aac (LC) (mp4a / 0x6134706D), 96000 Hz, mono, fltp, 192 kb/s (default)
    Metadata:
      handler_name    : SoundHandler
      vendor_id       : [0][0][0][0]
      encoder         : Lavc60.31.102 aac
size=       0kB time=00:00:02.92 bitrate=   0.1kbits/s speed= 139x    
size=       0kB time=00:00:08.19 bitrate=   0.0kbits/s speed=15.7x    
size=     256kB time=00:00:14.09 bitrate= 148.8kbits/s speed=13.7x    
size=     256kB time=00:00:19.72 bitrate= 106.3kbits/s speed=12.9x    
size=     512kB time=00:00:25.59 bitrate= 163.9kbits/s speed=12.6x    
[out#0/mp4 @ 0x62c2de83de80] video:157kB audio:636kB subtitle:0kB other streams:0kB global headers:0kB muxing overhead: 3.629573%
size=     822kB time=00:00:26.38 bitrate= 255.1kbits/s speed=11.2x    
[aac @ 0x62c2de91a280] Qavg: 9029.955

================================================================================
================================================================================
[2026-07-27T15:47:46.287661+00:00] [AGENT: worker] [CWD: /home/pedrofelipealvesrocha/teamwork_projects/youtube_clipper] [EXIT: 0] [DURATION: 86875.92ms]
COMMAND: ffmpeg -y -nostdin -hide_banner -i /home/pedrofelipealvesrocha/teamwork_projects/youtube_clipper/runs/run_t2_golden/artifacts/audio/audio_normalized.mp4 -filter_complex split[bg][fg];[bg]scale=1080:1920:force_original_aspect_ratio=increase,crop=1080:1920,boxblur=20:10[blurred];[fg]scale=1080:-2[scaled_fg];[blurred][scaled_fg]overlay=(main_w-overlay_w)/2:(main_h-overlay_h)/2,subtitles=/home/pedrofelipealvesrocha/teamwork_projects/youtube_clipper/runs/run_t2_golden/artifacts/subtitles/subtitles.ass -c:v libx264 -preset medium -crf 23 -c:a aac -b:a 192k -pix_fmt yuv420p /home/pedrofelipealvesrocha/teamwork_projects/youtube_clipper/runs/run_t2_golden/artifacts/clip_bf969de3835e/short.mp4
--- STDOUT ---

--- STDERR ---
[Parsed_subtitles_6 @ 0x61a69c9a2040] libass API version: 0x1701000
[Parsed_subtitles_6 @ 0x61a69c9a2040] libass source: tarball: 0.17.1
[Parsed_subtitles_6 @ 0x61a69c9a2040] Shaper: FriBidi 1.0.13 (SIMPLE) HarfBuzz-ng 8.3.0 (COMPLEX)
[Parsed_subtitles_6 @ 0x61a69c9a2040] Using font provider fontconfig
Input #0, mov,mp4,m4a,3gp,3g2,mj2, from '/home/pedrofelipealvesrocha/teamwork_projects/youtube_clipper/runs/run_t2_golden/artifacts/audio/audio_normalized.mp4':
  Metadata:
    major_brand     : isom
    minor_version   : 512
    compatible_brands: isomiso2avc1mp41
    encoder         : Lavf60.16.100
  Duration: 00:00:26.40, start: 0.000000, bitrate: 254 kb/s
  Stream #0:0[0x1](und): Video: h264 (High) (avc1 / 0x31637661), yuv420p(progressive), 640x360 [SAR 1:1 DAR 16:9], 48 kb/s, 30 fps, 30 tbr, 15360 tbn (default)
    Metadata:
      handler_name    : VideoHandler
      vendor_id       : [0][0][0][0]
      encoder         : Lavc60.31.102 libx264
  Stream #0:1[0x2](und): Audio: aac (LC) (mp4a / 0x6134706D), 96000 Hz, mono, fltp, 197 kb/s (default)
    Metadata:
      handler_name    : SoundHandler
      vendor_id       : [0][0][0][0]
Stream mapping:
  Stream #0:0 (h264) -> split:default (graph 0)
  subtitles:default (graph 0) -> Stream #0:0 (libx264)
  Stream #0:1 -> #0:1 (aac (native) -> aac (native))
[Parsed_subtitles_6 @ 0x61a69d443640] libass API version: 0x1701000
[Parsed_subtitles_6 @ 0x61a69d443640] libass source: tarball: 0.17.1
[Parsed_subtitles_6 @ 0x61a69d443640] Shaper: FriBidi 1.0.13 (SIMPLE) HarfBuzz-ng 8.3.0 (COMPLEX)
[Parsed_subtitles_6 @ 0x61a69d443640] Using font provider fontconfig
[Parsed_subtitles_6 @ 0x61a69d443640] fontselect: (Roboto, 700, 0) -> /usr/share/fonts/truetype/noto/NotoSans-Bold.ttf, 0, NotoSans-Bold
[libx264 @ 0x61a69d225e00] using SAR=1/1
[libx264 @ 0x61a69d225e00] using cpu capabilities: MMX2 SSE2Fast SSSE3 SSE4.2 AVX FMA3 BMI2 AVX2
[libx264 @ 0x61a69d225e00] profile High, level 4.0, 4:2:0, 8-bit
[libx264 @ 0x61a69d225e00] 264 - core 164 r3108 31e19f9 - H.264/MPEG-4 AVC codec - Copyleft 2003-2023 - http://www.videolan.org/x264.html - options: cabac=1 ref=3 deblock=1:0:0 analyse=0x3:0x113 me=hex subme=7 psy=1 psy_rd=1.00:0.00 mixed_ref=1 me_range=16 chroma_me=1 trellis=1 8x8dct=1 cqm=0 deadzone=21,11 fast_pskip=1 chroma_qp_offset=-2 threads=12 lookahead_threads=2 sliced_threads=0 nr=0 decimate=1 interlaced=0 bluray_compat=0 constrained_intra=0 bframes=3 b_pyramid=2 b_adapt=1 b_bias=0 direct=1 weightb=1 open_gop=0 weightp=2 keyint=250 keyint_min=25 scenecut=40 intra_refresh=0 rc_lookahead=40 rc=crf mbtree=1 crf=23.0 qcomp=0.60 qpmin=0 qpmax=69 qpstep=4 ip_ratio=1.40 aq=1:1.00
Output #0, mp4, to '/home/pedrofelipealvesrocha/teamwork_projects/youtube_clipper/runs/run_t2_golden/artifacts/clip_bf969de3835e/short.mp4':
  Metadata:
    major_brand     : isom
    minor_version   : 512
    compatible_brands: isomiso2avc1mp41
    encoder         : Lavf60.16.100
  Stream #0:0: Video: h264 (avc1 / 0x31637661), yuv420p(tv, progressive), 1080x1920 [SAR 10240:10239 DAR 1920:3413], q=2-31, 30 fps, 15360 tbn
    Metadata:
      encoder         : Lavc60.31.102 libx264
    Side data:
      cpb: bitrate max/min/avg: 0/0/0 buffer size: 0 vbv_delay: N/A
  Stream #0:1(und): Audio: aac (LC) (mp4a / 0x6134706D), 96000 Hz, mono, fltp, 192 kb/s (default)
    Metadata:
      handler_name    : SoundHandler
      vendor_id       : [0][0][0][0]
      encoder         : Lavc60.31.102 aac
frame=    0 fps=0.0 q=0.0 size=       0kB time=00:00:00.36 bitrate=   1.1kbits/s dup=4 drop=0 speed=9.07x    
frame=    0 fps=0.0 q=0.0 size=       0kB time=00:00:00.48 bitrate=   0.8kbits/s dup=4 drop=0 speed=0.88x    
frame=    0 fps=0.0 q=0.0 size=       0kB time=00:00:00.64 bitrate=   0.6kbits/s dup=4 drop=0 speed=0.597x    
frame=    0 fps=0.0 q=0.0 size=       0kB time=00:00:00.81 bitrate=   0.5kbits/s dup=4 drop=0 speed=0.503x    
frame=    0 fps=0.0 q=0.0 size=       0kB time=00:00:00.98 bitrate=   0.4kbits/s dup=4 drop=0 speed=0.459x    
frame=    0 fps=0.0 q=0.0 size=       0kB time=00:00:01.14 bitrate=   0.3kbits/s dup=4 drop=0 speed=0.428x    
frame=    0 fps=0.0 q=0.0 size=       0kB time=00:00:01.31 bitrate=   0.3kbits/s dup=4 drop=0 speed=0.411x    
frame=    0 fps=0.0 q=0.0 size=       0kB time=00:00:01.48 bitrate=   0.3kbits/s dup=4 drop=0 speed=0.398x    
frame=    0 fps=0.0 q=0.0 size=       0kB time=00:00:01.64 bitrate=   0.2kbits/s dup=4 drop=0 speed=0.386x    
frame=    0 fps=0.0 q=0.0 size=       0kB time=00:00:01.81 bitrate=   0.2kbits/s dup=4 drop=0 speed=0.378x    
frame=    0 fps=0.0 q=0.0 size=       0kB time=00:00:01.97 bitrate=   0.2kbits/s dup=4 drop=0 speed=0.369x    
frame=    2 fps=0.3 q=29.0 size=       0kB time=00:00:02.14 bitrate=   0.2kbits/s dup=4 drop=0 speed=0.364x    
frame=    7 fps=1.1 q=29.0 size=       0kB time=00:00:02.31 bitrate=   0.2kbits/s dup=4 drop=0 speed=0.36x    
frame=   12 fps=1.7 q=29.0 size=       0kB time=00:00:02.47 bitrate=   0.2kbits/s dup=4 drop=0 speed=0.355x    
frame=   17 fps=2.3 q=29.0 size=       0kB time=00:00:02.64 bitrate=   0.1kbits/s dup=4 drop=0 speed=0.351x    
frame=   22 fps=2.7 q=29.0 size=       0kB time=00:00:02.81 bitrate=   0.1kbits/s dup=4 drop=0 speed=0.349x    
frame=   27 fps=3.1 q=29.0 size=       0kB time=00:00:02.97 bitrate=   0.1kbits/s dup=4 drop=0 speed=0.345x    
frame=   32 fps=3.5 q=29.0 size=       0kB time=00:00:03.14 bitrate=   0.1kbits/s dup=4 drop=0 speed=0.343x    
frame=   37 fps=3.8 q=29.0 size=       0kB time=00:00:03.30 bitrate=   0.1kbits/s dup=4 drop=0 speed=0.341x    
frame=   42 fps=4.1 q=29.0 size=       0kB time=00:00:03.47 bitrate=   0.1kbits/s dup=4 drop=0 speed=0.34x    
frame=   47 fps=4.4 q=29.0 size=       0kB time=00:00:03.64 bitrate=   0.1kbits/s dup=4 drop=0 speed=0.339x    
frame=   52 fps=4.6 q=29.0 size=       0kB time=00:00:03.80 bitrate=   0.1kbits/s dup=4 drop=0 speed=0.337x    
frame=   57 fps=4.8 q=29.0 size=       0kB time=00:00:03.97 bitrate=   0.1kbits/s dup=4 drop=0 speed=0.336x    
frame=   62 fps=5.0 q=29.0 size=       0kB time=00:00:04.14 bitrate=   0.1kbits/s dup=4 drop=0 speed=0.335x    
frame=   67 fps=5.2 q=29.0 size=       0kB time=00:00:04.30 bitrate=   0.1kbits/s dup=4 drop=0 speed=0.334x    
frame=   72 fps=5.3 q=29.0 size=       0kB time=00:00:04.48 bitrate=   0.1kbits/s dup=4 drop=0 speed=0.332x    
frame=   77 fps=5.5 q=29.0 size=       0kB time=00:00:04.64 bitrate=   0.1kbits/s dup=4 drop=0 speed=0.331x    
frame=   82 fps=5.6 q=29.0 size=       0kB time=00:00:04.81 bitrate=   0.1kbits/s dup=4 drop=0 speed=0.33x    
frame=   87 fps=5.8 q=29.0 size=       0kB time=00:00:04.98 bitrate=   0.1kbits/s dup=4 drop=0 speed=0.329x    
frame=   92 fps=5.9 q=29.0 size=     256kB time=00:00:05.14 bitrate= 408.0kbits/s dup=4 drop=0 speed=0.328x    
frame=   97 fps=6.0 q=29.0 size=     256kB time=00:00:05.31 bitrate= 394.9kbits/s dup=4 drop=0 speed=0.328x    
frame=  102 fps=6.1 q=29.0 size=     256kB time=00:00:05.48 bitrate= 382.6kbits/s dup=4 drop=0 speed=0.327x    
frame=  107 fps=6.2 q=29.0 size=     256kB time=00:00:05.64 bitrate= 371.7kbits/s dup=4 drop=0 speed=0.326x    
frame=  112 fps=6.3 q=29.0 size=     256kB time=00:00:05.81 bitrate= 360.8kbits/s dup=4 drop=0 speed=0.325x    
frame=  117 fps=6.4 q=29.0 size=     256kB time=00:00:05.97 bitrate= 351.2kbits/s dup=4 drop=0 speed=0.324x    
frame=  122 fps=6.4 q=29.0 size=     256kB time=00:00:06.14 bitrate= 341.4kbits/s dup=4 drop=0 speed=0.324x    
frame=  127 fps=6.5 q=29.0 size=     256kB time=00:00:06.31 bitrate= 332.2kbits/s dup=4 drop=0 speed=0.324x    
frame=  132 fps=6.6 q=29.0 size=     256kB time=00:00:06.47 bitrate= 324.0kbits/s dup=4 drop=0 speed=0.323x    
frame=  137 fps=6.7 q=29.0 size=     256kB time=00:00:06.64 bitrate= 315.6kbits/s dup=4 drop=0 speed=0.323x    
frame=  142 fps=6.7 q=29.0 size=     256kB time=00:00:06.81 bitrate= 307.7kbits/s dup=4 drop=0 speed=0.323x    
frame=  147 fps=6.8 q=29.0 size=     256kB time=00:00:06.97 bitrate= 300.7kbits/s dup=4 drop=0 speed=0.322x    
frame=  152 fps=6.9 q=29.0 size=     256kB time=00:00:07.14 bitrate= 293.5kbits/s dup=4 drop=0 speed=0.322x    
frame=  157 fps=6.9 q=29.0 size=     256kB time=00:00:07.30 bitrate= 287.1kbits/s dup=4 drop=0 speed=0.322x    
frame=  162 fps=7.0 q=29.0 size=     256kB time=00:00:07.47 bitrate= 280.5kbits/s dup=4 drop=0 speed=0.322x    
frame=  167 fps=7.0 q=29.0 size=     256kB time=00:00:07.64 bitrate= 274.3kbits/s dup=4 drop=0 speed=0.322x    
frame=  172 fps=7.1 q=29.0 size=     256kB time=00:00:07.80 bitrate= 268.6kbits/s dup=4 drop=0 speed=0.321x    
frame=  176 fps=7.1 q=29.0 size=     512kB time=00:00:07.97 bitrate= 525.7kbits/s dup=4 drop=0 speed=0.321x    
frame=  182 fps=7.2 q=29.0 size=     512kB time=00:00:08.14 bitrate= 514.7kbits/s dup=4 drop=0 speed=0.321x    
frame=  187 fps=7.2 q=29.0 size=     512kB time=00:00:08.30 bitrate= 504.8kbits/s dup=4 drop=0 speed=0.32x    
frame=  192 fps=7.3 q=29.0 size=     512kB time=00:00:08.48 bitrate= 494.7kbits/s dup=4 drop=0 speed=0.32x    
frame=  196 fps=7.3 q=29.0 size=     512kB time=00:00:08.64 bitrate= 485.5kbits/s dup=4 drop=0 speed=0.32x    
frame=  202 fps=7.3 q=29.0 size=     512kB time=00:00:08.81 bitrate= 476.1kbits/s dup=4 drop=0 speed=0.32x    
frame=  207 fps=7.4 q=29.0 size=     512kB time=00:00:08.98 bitrate= 467.0kbits/s dup=4 drop=0 speed=0.32x    
frame=  212 fps=7.4 q=29.0 size=     512kB time=00:00:09.14 bitrate= 458.9kbits/s dup=4 drop=0 speed=0.319x    
frame=  217 fps=7.4 q=29.0 size=     512kB time=00:00:09.31 bitrate= 450.5kbits/s dup=4 drop=0 speed=0.319x    
frame=  222 fps=7.5 q=29.0 size=     512kB time=00:00:09.48 bitrate= 442.4kbits/s dup=4 drop=0 speed=0.319x    
frame=  227 fps=7.5 q=29.0 size=     512kB time=00:00:09.64 bitrate= 435.0kbits/s dup=4 drop=0 speed=0.319x    
frame=  232 fps=7.5 q=29.0 size=     512kB time=00:00:09.81 bitrate= 427.4kbits/s dup=4 drop=0 speed=0.318x    
frame=  237 fps=7.6 q=29.0 size=     512kB time=00:00:09.97 bitrate= 420.6kbits/s dup=4 drop=0 speed=0.318x    
frame=  242 fps=7.6 q=29.0 size=     512kB time=00:00:10.14 bitrate= 413.5kbits/s dup=4 drop=0 speed=0.318x    
frame=  247 fps=7.6 q=29.0 size=     512kB time=00:00:10.31 bitrate= 406.7kbits/s dup=4 drop=0 speed=0.318x    
frame=  252 fps=7.6 q=29.0 size=     512kB time=00:00:10.47 bitrate= 400.5kbits/s dup=4 drop=0 speed=0.318x    
frame=  257 fps=7.7 q=29.0 size=     768kB time=00:00:10.64 bitrate= 591.0kbits/s dup=4 drop=0 speed=0.317x    
frame=  262 fps=7.7 q=29.0 size=     768kB time=00:00:10.81 bitrate= 581.7kbits/s dup=4 drop=0 speed=0.317x    
frame=  267 fps=7.7 q=29.0 size=     768kB time=00:00:10.97 bitrate= 573.2kbits/s dup=4 drop=0 speed=0.317x    
frame=  272 fps=7.7 q=29.0 size=     768kB time=00:00:11.14 bitrate= 564.5kbits/s dup=4 drop=0 speed=0.317x    
frame=  277 fps=7.8 q=29.0 size=     768kB time=00:00:11.30 bitrate= 556.5kbits/s dup=4 drop=0 speed=0.317x    
frame=  282 fps=7.8 q=29.0 size=     768kB time=00:00:11.47 bitrate= 548.2kbits/s dup=4 drop=0 speed=0.316x    
frame=  287 fps=7.8 q=29.0 size=     768kB time=00:00:11.64 bitrate= 540.2kbits/s dup=4 drop=0 speed=0.317x    
frame=  292 fps=7.8 q=29.0 size=     768kB time=00:00:11.80 bitrate= 532.8kbits/s dup=4 drop=0 speed=0.316x    
frame=  297 fps=7.8 q=29.0 size=     768kB time=00:00:11.97 bitrate= 525.3kbits/s dup=4 drop=0 speed=0.316x    
frame=  302 fps=7.9 q=29.0 size=     768kB time=00:00:12.14 bitrate= 517.9kbits/s dup=4 drop=0 speed=0.316x    
frame=  307 fps=7.9 q=29.0 size=     768kB time=00:00:12.30 bitrate= 511.1kbits/s dup=4 drop=0 speed=0.316x    
frame=  312 fps=7.9 q=29.0 size=     768kB time=00:00:12.48 bitrate= 504.2kbits/s dup=4 drop=0 speed=0.316x    
frame=  317 fps=7.9 q=29.0 size=     768kB time=00:00:12.64 bitrate= 497.8kbits/s dup=4 drop=0 speed=0.316x    
frame=  322 fps=7.9 q=29.0 size=     768kB time=00:00:12.81 bitrate= 491.1kbits/s dup=4 drop=0 speed=0.316x    
frame=  327 fps=8.0 q=29.0 size=     768kB time=00:00:12.98 bitrate= 484.7kbits/s dup=4 drop=0 speed=0.316x    
frame=  332 fps=8.0 q=29.0 size=     768kB time=00:00:13.14 bitrate= 478.8kbits/s dup=4 drop=0 speed=0.315x    
frame=  337 fps=8.0 q=29.0 size=     768kB time=00:00:13.31 bitrate= 472.6kbits/s dup=4 drop=0 speed=0.315x    
frame=  342 fps=8.0 q=29.0 size=     768kB time=00:00:13.48 bitrate= 466.7kbits/s dup=4 drop=0 speed=0.315x    
frame=  346 fps=8.0 q=29.0 size=     768kB time=00:00:13.64 bitrate= 461.2kbits/s dup=4 drop=0 speed=0.315x    
frame=  352 fps=8.0 q=29.0 size=    1024kB time=00:00:13.81 bitrate= 607.3kbits/s dup=4 drop=0 speed=0.315x    
frame=  357 fps=8.0 q=29.0 size=    1024kB time=00:00:13.97 bitrate= 600.4kbits/s dup=4 drop=0 speed=0.315x    
frame=  362 fps=8.1 q=29.0 size=    1024kB time=00:00:14.14 bitrate= 593.1kbits/s dup=4 drop=0 speed=0.315x    
frame=  367 fps=8.1 q=29.0 size=    1024kB time=00:00:14.31 bitrate= 586.0kbits/s dup=4 drop=0 speed=0.315x    
frame=  372 fps=8.1 q=29.0 size=    1024kB time=00:00:14.47 bitrate= 579.6kbits/s dup=4 drop=0 speed=0.315x    
frame=  377 fps=8.1 q=29.0 size=    1024kB time=00:00:14.64 bitrate= 572.8kbits/s dup=4 drop=0 speed=0.315x    
frame=  382 fps=8.1 q=29.0 size=    1024kB time=00:00:14.81 bitrate= 566.2kbits/s dup=4 drop=0 speed=0.315x    
frame=  387 fps=8.1 q=29.0 size=    1024kB time=00:00:14.97 bitrate= 560.2kbits/s dup=4 drop=0 speed=0.314x    
frame=  392 fps=8.1 q=29.0 size=    1024kB time=00:00:15.14 bitrate= 553.9kbits/s dup=4 drop=0 speed=0.314x    
frame=  397 fps=8.1 q=29.0 size=    1024kB time=00:00:15.30 bitrate= 548.1kbits/s dup=4 drop=0 speed=0.314x    
frame=  402 fps=8.2 q=29.0 size=    1024kB time=00:00:15.47 bitrate= 542.0kbits/s dup=4 drop=0 speed=0.314x    
frame=  407 fps=8.2 q=29.0 size=    1024kB time=00:00:15.64 bitrate= 536.1kbits/s dup=4 drop=0 speed=0.314x    
frame=  412 fps=8.2 q=29.0 size=    1024kB time=00:00:15.80 bitrate= 530.7kbits/s dup=4 drop=0 speed=0.314x    
frame=  417 fps=8.2 q=29.0 size=    1024kB time=00:00:15.97 bitrate= 525.0kbits/s dup=4 drop=0 speed=0.314x    
frame=  422 fps=8.2 q=29.0 size=    1024kB time=00:00:16.14 bitrate= 519.5kbits/s dup=4 drop=0 speed=0.314x    
frame=  427 fps=8.2 q=29.0 size=    1024kB time=00:00:16.30 bitrate= 514.4kbits/s dup=4 drop=0 speed=0.314x    
frame=  432 fps=8.2 q=29.0 size=    1024kB time=00:00:16.48 bitrate= 509.0kbits/s dup=4 drop=0 speed=0.314x    
frame=  437 fps=8.2 q=29.0 size=    1024kB time=00:00:16.64 bitrate= 504.1kbits/s dup=4 drop=0 speed=0.314x    
frame=  442 fps=8.2 q=29.0 size=    1024kB time=00:00:16.81 bitrate= 499.0kbits/s dup=4 drop=0 speed=0.314x    
frame=  447 fps=8.3 q=29.0 size=    1280kB time=00:00:16.98 bitrate= 617.5kbits/s dup=4 drop=0 speed=0.313x    
frame=  452 fps=8.3 q=29.0 size=    1280kB time=00:00:17.14 bitrate= 611.7kbits/s dup=4 drop=0 speed=0.313x    
frame=  457 fps=8.3 q=29.0 size=    1280kB time=00:00:17.31 bitrate= 605.7kbits/s dup=4 drop=0 speed=0.313x    
frame=  462 fps=8.3 q=29.0 size=    1280kB time=00:00:17.48 bitrate= 599.8kbits/s dup=4 drop=0 speed=0.313x    
frame=  467 fps=8.3 q=29.0 size=    1280kB time=00:00:17.64 bitrate= 594.4kbits/s dup=4 drop=0 speed=0.313x    
frame=  472 fps=8.3 q=29.0 size=    1280kB time=00:00:17.81 bitrate= 588.7kbits/s dup=4 drop=0 speed=0.313x    
frame=  477 fps=8.3 q=29.0 size=    1280kB time=00:00:17.97 bitrate= 583.4kbits/s dup=4 drop=0 speed=0.313x    
frame=  482 fps=8.3 q=29.0 size=    1280kB time=00:00:18.14 bitrate= 577.9kbits/s dup=4 drop=0 speed=0.313x    
frame=  487 fps=8.3 q=29.0 size=    1280kB time=00:00:18.31 bitrate= 572.6kbits/s dup=4 drop=0 speed=0.313x    
frame=  492 fps=8.3 q=29.0 size=    1280kB time=00:00:18.47 bitrate= 567.6kbits/s dup=4 drop=0 speed=0.313x    
frame=  497 fps=8.3 q=29.0 size=    1280kB time=00:00:18.64 bitrate= 562.4kbits/s dup=4 drop=0 speed=0.313x    
frame=  502 fps=8.3 q=29.0 size=    1280kB time=00:00:18.81 bitrate= 557.3kbits/s dup=4 drop=0 speed=0.312x    
frame=  506 fps=8.3 q=29.0 size=    1280kB time=00:00:18.94 bitrate= 553.5kbits/s dup=4 drop=0 speed=0.311x    
frame=  510 fps=8.3 q=29.0 size=    1280kB time=00:00:19.08 bitrate= 549.5kbits/s dup=4 drop=0 speed=0.31x    
frame=  514 fps=8.3 q=29.0 size=    1280kB time=00:00:19.21 bitrate= 545.9kbits/s dup=4 drop=0 speed=0.31x    
frame=  519 fps=8.3 q=29.0 size=    1280kB time=00:00:19.38 bitrate= 541.0kbits/s dup=4 drop=0 speed=0.31x    
frame=  524 fps=8.3 q=29.0 size=    1280kB time=00:00:19.54 bitrate= 536.6kbits/s dup=4 drop=0 speed=0.31x    
frame=  529 fps=8.3 q=29.0 size=    1536kB time=00:00:19.71 bitrate= 638.4kbits/s dup=4 drop=0 speed=0.309x    
frame=  534 fps=8.3 q=29.0 size=    1536kB time=00:00:19.88 bitrate= 632.9kbits/s dup=4 drop=0 speed=0.309x    
frame=  539 fps=8.3 q=29.0 size=    1536kB time=00:00:20.04 bitrate= 627.8kbits/s dup=4 drop=0 speed=0.309x    
frame=  543 fps=8.3 q=29.0 size=    1536kB time=00:00:20.18 bitrate= 623.5kbits/s dup=4 drop=0 speed=0.309x    
frame=  548 fps=8.3 q=29.0 size=    1536kB time=00:00:20.34 bitrate= 618.6kbits/s dup=4 drop=0 speed=0.308x    
frame=  553 fps=8.3 q=29.0 size=    1536kB time=00:00:20.51 bitrate= 613.5kbits/s dup=4 drop=0 speed=0.309x    
frame=  558 fps=8.3 q=29.0 size=    1536kB time=00:00:20.68 bitrate= 608.4kbits/s dup=4 drop=0 speed=0.309x    
frame=  563 fps=8.3 q=29.0 size=    1536kB time=00:00:20.84 bitrate= 603.7kbits/s dup=4 drop=0 speed=0.308x    
frame=  568 fps=8.3 q=29.0 size=    1536kB time=00:00:21.01 bitrate= 598.8kbits/s dup=4 drop=0 speed=0.308x    
frame=  573 fps=8.3 q=29.0 size=    1536kB time=00:00:21.17 bitrate= 594.3kbits/s dup=4 drop=0 speed=0.308x    
frame=  578 fps=8.3 q=29.0 size=    1536kB time=00:00:21.34 bitrate= 589.5kbits/s dup=4 drop=0 speed=0.308x    
frame=  583 fps=8.4 q=29.0 size=    1536kB time=00:00:21.51 bitrate= 584.9kbits/s dup=4 drop=0 speed=0.308x    
frame=  588 fps=8.4 q=29.0 size=    1536kB time=00:00:21.67 bitrate= 580.6kbits/s dup=4 drop=0 speed=0.308x    
frame=  593 fps=8.4 q=29.0 size=    1536kB time=00:00:21.84 bitrate= 576.0kbits/s dup=4 drop=0 speed=0.308x    
frame=  598 fps=8.4 q=29.0 size=    1536kB time=00:00:22.01 bitrate= 571.6kbits/s dup=4 drop=0 speed=0.308x    
frame=  603 fps=8.4 q=29.0 size=    1536kB time=00:00:22.17 bitrate= 567.4kbits/s dup=4 drop=0 speed=0.308x    
frame=  608 fps=8.4 q=29.0 size=    1536kB time=00:00:22.34 bitrate= 563.1kbits/s dup=4 drop=0 speed=0.308x    
frame=  613 fps=8.4 q=29.0 size=    1536kB time=00:00:22.50 bitrate= 559.1kbits/s dup=4 drop=0 speed=0.308x    
frame=  618 fps=8.4 q=29.0 size=    1792kB time=00:00:22.67 bitrate= 647.4kbits/s dup=4 drop=0 speed=0.308x    
frame=  623 fps=8.4 q=29.0 size=    1792kB time=00:00:22.84 bitrate= 642.5kbits/s dup=4 drop=0 speed=0.308x    
frame=  628 fps=8.4 q=29.0 size=    1792kB time=00:00:23.00 bitrate= 638.1kbits/s dup=4 drop=0 speed=0.308x    
frame=  633 fps=8.4 q=29.0 size=    1792kB time=00:00:23.17 bitrate= 633.4kbits/s dup=4 drop=0 speed=0.308x    
frame=  638 fps=8.4 q=29.0 size=    1792kB time=00:00:23.34 bitrate= 628.7kbits/s dup=4 drop=0 speed=0.308x    
frame=  643 fps=8.4 q=29.0 size=    1792kB time=00:00:23.50 bitrate= 624.5kbits/s dup=4 drop=0 speed=0.308x    
frame=  648 fps=8.4 q=29.0 size=    1792kB time=00:00:23.68 bitrate= 620.0kbits/s dup=4 drop=0 speed=0.308x    
frame=  653 fps=8.4 q=29.0 size=    1792kB time=00:00:23.84 bitrate= 615.8kbits/s dup=4 drop=0 speed=0.308x    
frame=  658 fps=8.4 q=29.0 size=    1792kB time=00:00:24.01 bitrate= 611.4kbits/s dup=4 drop=0 speed=0.308x    
frame=  663 fps=8.5 q=29.0 size=    1792kB time=00:00:24.18 bitrate= 607.1kbits/s dup=4 drop=0 speed=0.308x    
frame=  668 fps=8.5 q=29.0 size=    1792kB time=00:00:24.34 bitrate= 603.1kbits/s dup=4 drop=0 speed=0.308x    
frame=  673 fps=8.5 q=29.0 size=    1792kB time=00:00:24.51 bitrate= 598.9kbits/s dup=4 drop=0 speed=0.308x    
frame=  678 fps=8.5 q=29.0 size=    1792kB time=00:00:24.68 bitrate= 594.8kbits/s dup=4 drop=0 speed=0.308x    
frame=  683 fps=8.5 q=29.0 size=    1792kB time=00:00:24.84 bitrate= 590.9kbits/s dup=4 drop=0 speed=0.308x    
frame=  688 fps=8.5 q=29.0 size=    1792kB time=00:00:25.01 bitrate= 586.9kbits/s dup=4 drop=0 speed=0.308x    
frame=  693 fps=8.5 q=29.0 size=    1792kB time=00:00:25.17 bitrate= 583.2kbits/s dup=4 drop=0 speed=0.308x    
frame=  698 fps=8.5 q=29.0 size=    1792kB time=00:00:25.34 bitrate= 579.2kbits/s dup=4 drop=0 speed=0.308x    
frame=  703 fps=8.5 q=29.0 size=    2048kB time=00:00:25.51 bitrate= 657.6kbits/s dup=4 drop=0 speed=0.308x    
frame=  708 fps=8.5 q=29.0 size=    2048kB time=00:00:25.67 bitrate= 653.5kbits/s dup=4 drop=0 speed=0.308x    
frame=  713 fps=8.5 q=29.0 size=    2048kB time=00:00:25.84 bitrate= 649.2kbits/s dup=4 drop=0 speed=0.308x    
frame=  718 fps=8.5 q=29.0 size=    2048kB time=00:00:26.01 bitrate= 644.9kbits/s dup=4 drop=0 speed=0.308x    
frame=  723 fps=8.5 q=29.0 size=    2048kB time=00:00:26.17 bitrate= 641.0kbits/s dup=4 drop=0 speed=0.308x    
frame=  734 fps=8.5 q=29.0 size=    2048kB time=00:00:26.36 bitrate= 636.3kbits/s dup=5 drop=0 speed=0.306x    
[out#0/mp4 @ 0x61a69d224cc0] video:1699kB audio:625kB subtitle:0kB other streams:0kB global headers:0kB muxing overhead: 1.240932%
frame=  791 fps=9.1 q=-1.0 Lsize=    2353kB time=00:00:26.38 bitrate= 730.4kbits/s dup=5 drop=0 speed=0.304x    
[libx264 @ 0x61a69d225e00] frame I:4     Avg QP:16.86  size: 21698
[libx264 @ 0x61a69d225e00] frame P:204   Avg QP:18.62  size:  5944
[libx264 @ 0x61a69d225e00] frame B:583   Avg QP:20.49  size:   755
[libx264 @ 0x61a69d225e00] consecutive B-frames:  1.0%  2.0%  0.4% 96.6%
[libx264 @ 0x61a69d225e00] mb I  I16..4: 38.7% 57.8%  3.5%
[libx264 @ 0x61a69d225e00] mb P  I16..4: 16.0%  3.2%  0.2%  P16..4: 11.2%  0.5%  0.2%  0.0%  0.0%    skip:68.7%
[libx264 @ 0x61a69d225e00] mb B  I16..4:  0.3%  0.0%  0.0%  B16..8:  2.8%  0.0%  0.0%  direct: 1.5%  skip:95.3%  L0:36.4% L1:61.8% BI: 1.7%
[libx264 @ 0x61a69d225e00] 8x8 transform intra:19.9% inter:90.5%
[libx264 @ 0x61a69d225e00] coded y,uvDC,uvAC intra: 3.1% 60.5% 2.8% inter: 0.3% 4.9% 0.1%
[libx264 @ 0x61a69d225e00] i16 v,h,dc,p: 35% 28%  1% 35%
[libx264 @ 0x61a69d225e00] i8 v,h,dc,ddl,ddr,vr,hd,vl,hu: 41% 17% 37%  1%  1%  1%  1%  1%  0%
[libx264 @ 0x61a69d225e00] i4 v,h,dc,ddl,ddr,vr,hd,vl,hu: 30% 36% 16%  3%  3%  4%  3%  3%  3%
[libx264 @ 0x61a69d225e00] i8c dc,h,v,p: 12% 19% 14% 55%
[libx264 @ 0x61a69d225e00] Weighted P-Frames: Y:0.0% UV:0.0%
[libx264 @ 0x61a69d225e00] ref P L0: 86.8%  2.3%  8.9%  2.1%
[libx264 @ 0x61a69d225e00] ref B L0: 83.9% 14.1%  2.0%
[libx264 @ 0x61a69d225e00] ref B L1: 98.2%  1.8%
[libx264 @ 0x61a69d225e00] kb/s:527.77
[aac @ 0x61a69d227800] Qavg: 11616.725

================================================================================
